Archive member included to satisfy reference by file (symbol)

C:\Users\buechel\Documents\Arduino\Thermoino_32u4\.build/core\core.a(CDC.cpp.o)
                              C:\Users\buechel\Documents\Arduino\Thermoino_32u4\.build\sketch\SerialCommand.cpp.o (symbol from plugin) (_ZN7Serial_9availableEv)
C:\Users\buechel\Documents\Arduino\Thermoino_32u4\.build/core\core.a(Print.cpp.o)
                              C:\Users\buechel\Documents\Arduino\Thermoino_32u4\.build\sketch\Thermoino_32u4.ino.cpp.o (symbol from plugin) (_ZN5Print5printEPK19__FlashStringHelper)
C:\Users\buechel\Documents\Arduino\Thermoino_32u4\.build/core\core.a(USBCore.cpp.o)
                              CDC.cpp.o (symbol from plugin) (_Z13USB_Availableh)
C:\Users\buechel\Documents\Arduino\Thermoino_32u4\.build/core\core.a(WString.cpp.o)
                              C:\Users\buechel\Documents\Arduino\Thermoino_32u4\.build\sketch\Thermoino_32u4.ino.cpp.o (symbol from plugin) (_ZN6StringD2Ev)
C:\Users\buechel\Documents\Arduino\Thermoino_32u4\.build/core\core.a(abi.cpp.o)
                              Print.cpp.o (symbol from plugin) (__cxa_pure_virtual)
C:\Users\buechel\Documents\Arduino\Thermoino_32u4\.build/core\core.a(main.cpp.o)
                              c:/users/buechel/appdata/local/arduino15/packages/arduino/tools/avr-gcc/7.3.0-atmel3.6.1-arduino7/bin/../lib/gcc/avr/7.3.0/../../../../avr/lib/avr5/crtatmega32u4.o (main)
C:\Users\buechel\Documents\Arduino\Thermoino_32u4\.build/core\core.a(wiring.c.o)
                              C:\Users\buechel\Documents\Arduino\Thermoino_32u4\.build\sketch\Thermoino_32u4.ino.cpp.o (symbol from plugin) (millis)
C:\Users\buechel\Documents\Arduino\Thermoino_32u4\.build/core\core.a(PluggableUSB.cpp.o)
                              USBCore.cpp.o (symbol from plugin) (_ZN13PluggableUSB_12getInterfaceEPh)
C:\Users\buechel\Documents\Arduino\Thermoino_32u4\.build/core\core.a(hooks.c.o)
                              wiring.c.o (symbol from plugin) (yield)
c:/users/buechel/appdata/local/arduino15/packages/arduino/tools/avr-gcc/7.3.0-atmel3.6.1-arduino7/bin/../lib/gcc/avr/7.3.0/avr5\libgcc.a(_exit.o)
                              c:/users/buechel/appdata/local/arduino15/packages/arduino/tools/avr-gcc/7.3.0-atmel3.6.1-arduino7/bin/../lib/gcc/avr/7.3.0/../../../../avr/lib/avr5/crtatmega32u4.o (exit)
c:/users/buechel/appdata/local/arduino15/packages/arduino/tools/avr-gcc/7.3.0-atmel3.6.1-arduino7/bin/../lib/gcc/avr/7.3.0/../../../../avr/lib/avr5\libc.a(dtostrf.o)
                              WString.cpp.o (symbol from plugin) (dtostrf)
c:/users/buechel/appdata/local/arduino15/packages/arduino/tools/avr-gcc/7.3.0-atmel3.6.1-arduino7/bin/../lib/gcc/avr/7.3.0/../../../../avr/lib/avr5\libc.a(malloc.o)
                              C:\Users\buechel\Documents\Arduino\Thermoino_32u4\.build\sketch\Thermoino_32u4.ino.cpp.o (symbol from plugin) (__brkval)
c:/users/buechel/appdata/local/arduino15/packages/arduino/tools/avr-gcc/7.3.0-atmel3.6.1-arduino7/bin/../lib/gcc/avr/7.3.0/../../../../avr/lib/avr5\libc.a(atof.o)
                              WString.cpp.o (symbol from plugin) (atof)
c:/users/buechel/appdata/local/arduino15/packages/arduino/tools/avr-gcc/7.3.0-atmel3.6.1-arduino7/bin/../lib/gcc/avr/7.3.0/../../../../avr/lib/avr5\libc.a(atoi.o)
                              C:\Users\buechel\Documents\Arduino\Thermoino_32u4\.build\sketch\Thermoino_32u4.ino.cpp.o (symbol from plugin) (atoi)
c:/users/buechel/appdata/local/arduino15/packages/arduino/tools/avr-gcc/7.3.0-atmel3.6.1-arduino7/bin/../lib/gcc/avr/7.3.0/../../../../avr/lib/avr5\libc.a(atol.o)
                              C:\Users\buechel\Documents\Arduino\Thermoino_32u4\.build\sketch\Thermoino_32u4.ino.cpp.o (symbol from plugin) (atol)
c:/users/buechel/appdata/local/arduino15/packages/arduino/tools/avr-gcc/7.3.0-atmel3.6.1-arduino7/bin/../lib/gcc/avr/7.3.0/../../../../avr/lib/avr5\libc.a(strcpy_P.o)
                              WString.cpp.o (symbol from plugin) (strcpy_P)
c:/users/buechel/appdata/local/arduino15/packages/arduino/tools/avr-gcc/7.3.0-atmel3.6.1-arduino7/bin/../lib/gcc/avr/7.3.0/../../../../avr/lib/avr5\libc.a(strlen_P.o)
                              WString.cpp.o (symbol from plugin) (__strlen_P)
c:/users/buechel/appdata/local/arduino15/packages/arduino/tools/avr-gcc/7.3.0-atmel3.6.1-arduino7/bin/../lib/gcc/avr/7.3.0/../../../../avr/lib/avr5\libc.a(strtok_r.o)
                              C:\Users\buechel\Documents\Arduino\Thermoino_32u4\.build\sketch\SerialCommand.cpp.o (symbol from plugin) (strtok_r)
c:/users/buechel/appdata/local/arduino15/packages/arduino/tools/avr-gcc/7.3.0-atmel3.6.1-arduino7/bin/../lib/gcc/avr/7.3.0/../../../../avr/lib/avr5\libc.a(itoa.o)
                              WString.cpp.o (symbol from plugin) (__itoa)
c:/users/buechel/appdata/local/arduino15/packages/arduino/tools/avr-gcc/7.3.0-atmel3.6.1-arduino7/bin/../lib/gcc/avr/7.3.0/../../../../avr/lib/avr5\libc.a(itoa_ncheck.o)
[...]
Memory Configuration

Name             Origin             Length             Attributes
text             0x00000000         0x00020000         xr
data             0x00800060         0x0000ffa0         rw !x
eeprom           0x00810000         0x00010000         rw !x
fuse             0x00820000         0x00000003         rw !x
lock             0x00830000         0x00000400         rw !x
signature        0x00840000         0x00000400         rw !x
user_signatures  0x00850000         0x00000400         rw !x
*default*        0x00000000         0xffffffff

Linker script and memory map

Address of section .data set to 0x800100
LOAD c:/users/buechel/appdata/local/arduino15/packages/arduino/tools/avr-gcc/7.3.0-atmel3.6.1-arduino7/bin/../lib/gcc/avr/7.3.0/../../../../avr/lib/avr5/crtatmega32u4.o
LOAD C:\Users\buechel\Documents\Arduino\Thermoino_32u4\.build\sketch\FastIO.cpp.o
LOAD C:\Users\buechel\AppData\Local\Temp\cc7ZBATz.ltrans0.ltrans.o
LOAD C:\Users\buechel\Documents\Arduino\Thermoino_32u4\.build\sketch\SerialCommand.cpp.o
LOAD C:\Users\buechel\Documents\Arduino\Thermoino_32u4\.build\sketch\Thermoino_32u4.ino.cpp.o
LOAD C:\Users\buechel\Documents\Arduino\Thermoino_32u4\.build/core\core.a
LOAD c:/users/buechel/appdata/local/arduino15/packages/arduino/tools/avr-gcc/7.3.0-atmel3.6.1-arduino7/bin/../lib/gcc/avr/7.3.0/../../../../avr/lib/avr5\libm.a
START GROUP
LOAD c:/users/buechel/appdata/local/arduino15/packages/arduino/tools/avr-gcc/7.3.0-atmel3.6.1-arduino7/bin/../lib/gcc/avr/7.3.0/avr5\libgcc.a
LOAD c:/users/buechel/appdata/local/arduino15/packages/arduino/tools/avr-gcc/7.3.0-atmel3.6.1-arduino7/bin/../lib/gcc/avr/7.3.0/../../../../avr/lib/avr5\libm.a
LOAD c:/users/buechel/appdata/local/arduino15/packages/arduino/tools/avr-gcc/7.3.0-atmel3.6.1-arduino7/bin/../lib/gcc/avr/7.3.0/../../../../avr/lib/avr5\libc.a
LOAD c:/users/buechel/appdata/local/arduino15/packages/arduino/tools/avr-gcc/7.3.0-atmel3.6.1-arduino7/bin/../lib/gcc/avr/7.3.0/../../../../avr/lib/avr5\libatmega32u4.a
END GROUP
                0x00020000                __TEXT_REGION_LENGTH__ = DEFINED (__TEXT_REGION_LENGTH__)?__TEXT_REGION_LENGTH__:0x20000
                0x0000ffa0                __DATA_REGION_LENGTH__ = DEFINED (__DATA_REGION_LENGTH__)?__DATA_REGION_LENGTH__:0xffa0
                0x00010000                __EEPROM_REGION_LENGTH__ = DEFINED (__EEPROM_REGION_LENGTH__)?__EEPROM_REGION_LENGTH__:0x10000
                [0x00000003]                __FUSE_REGION_LENGTH__ = DEFINED (__FUSE_REGION_LENGTH__)?__FUSE_REGION_LENGTH__:0x400
                0x00000400                __LOCK_REGION_LENGTH__ = DEFINED (__LOCK_REGION_LENGTH__)?__LOCK_REGION_LENGTH__:0x400
                0x00000400                __SIGNATURE_REGION_LENGTH__ = DEFINED (__SIGNATURE_REGION_LENGTH__)?__SIGNATURE_REGION_LENGTH__:0x400
                0x00000400                __USER_SIGNATURE_REGION_LENGTH__ = DEFINED (__USER_SIGNATURE_REGION_LENGTH__)?__USER_SIGNATURE_REGION_LENGTH__:0x400
                0x00800060                __DATA_REGION_ORIGIN__ = DEFINED (__DATA_REGION_ORIGIN__)?__DATA_REGION_ORIGIN__:0x800060

.hash
 *(.hash)

.dynsym
 *(.dynsym)

.dynstr
 *(.dynstr)

.gnu.version
 *(.gnu.version)

.gnu.version_d
 *(.gnu.version_d)

.gnu.version_r
 *(.gnu.version_r)

.rel.init
 *(.rel.init)

.rela.init
 *(.rela.init)

.rel.text
 *(.rel.text)
 *(.rel.text.*)
 *(.rel.gnu.linkonce.t*)

.rela.text
 *(.rela.text)
 *(.rela.text.*)
 *(.rela.gnu.linkonce.t*)

.rel.fini
 *(.rel.fini)

.rela.fini
 *(.rela.fini)

.rel.rodata
 *(.rel.rodata)
 *(.rel.rodata.*)
 *(.rel.gnu.linkonce.r*)

.rela.rodata
 *(.rela.rodata)
 *(.rela.rodata.*)
 *(.rela.gnu.linkonce.r*)

.rel.data
 *(.rel.data)
 *(.rel.data.*)
 *(.rel.gnu.linkonce.d*)

.rela.data
 *(.rela.data)
 *(.rela.data.*)
 *(.rela.gnu.linkonce.d*)

.rel.ctors
 *(.rel.ctors)

.rela.ctors
 *(.rela.ctors)

.rel.dtors
 *(.rel.dtors)

.rela.dtors
 *(.rela.dtors)

.rel.got
 *(.rel.got)

.rela.got
 *(.rela.got)

.rel.bss
 *(.rel.bss)

.rela.bss
 *(.rela.bss)

.rel.plt
 *(.rel.plt)

.rela.plt
 *(.rela.plt)

.text           0x00000000     0x4fae
 *(.vectors)
 .vectors       0x00000000       0xac c:/users/buechel/appdata/local/arduino15/packages/arduino/tools/avr-gcc/7.3.0-atmel3.6.1-arduino7/bin/../lib/gcc/avr/7.3.0/../../../../avr/lib/avr5/crtatmega32u4.o
                0x00000000                __vector_default
                0x00000000                __vectors
 *(.vectors)
 *(.progmem.gcc*)
                0x000000ac                . = ALIGN (0x2)
                0x000000ac                __trampolines_start = .
 *(.trampolines)
 .trampolines   0x000000ac        0x0 linker stubs
 *(.trampolines*)
                0x000000ac                __trampolines_end = .
 *libprintf_flt.a:*(.progmem.data)
 *libc.a:*(.progmem.data)
 .progmem.data  0x000000ac       0x3b c:/users/buechel/appdata/local/arduino15/packages/arduino/tools/avr-gcc/7.3.0-atmel3.6.1-arduino7/bin/../lib/gcc/avr/7.3.0/../../../../avr/lib/avr5\libc.a(strtod.o)
 .progmem.data  0x000000e7       0xfa c:/users/buechel/appdata/local/arduino15/packages/arduino/tools/avr-gcc/7.3.0-atmel3.6.1-arduino7/bin/../lib/gcc/avr/7.3.0/../../../../avr/lib/avr5\libc.a(ftoa_engine.o)
 *(.progmem*)
 .progmem.data  0x000001e1      0x7c7 C:\Users\buechel\AppData\Local\Temp\cc7ZBATz.ltrans0.ltrans.o
                0x000009a8                . = ALIGN (0x2)
 *(.jumptables)
 *(.jumptables*)
 *(.lowtext)
 *(.lowtext*)
                0x000009a8                __ctors_start = .
 *(.ctors)
 .ctors         0x000009a8        0x2 C:\Users\buechel\AppData\Local\Temp\cc7ZBATz.ltrans0.ltrans.o
                0x000009aa                __ctors_end = .
                0x000009aa                __dtors_start = .
 *(.dtors)
 .dtors         0x000009aa        0x2 C:\Users\buechel\AppData\Local\Temp\cc7ZBATz.ltrans0.ltrans.o
                0x000009ac                __dtors_end = .
 SORT(*)(.ctors)
 SORT(*)(.dtors)
 *(.init0)
 .init0         0x000009ac        0x0 c:/users/buechel/appdata/local/arduino15/packages/arduino/tools/avr-gcc/7.3.0-atmel3.6.1-arduino7/bin/../lib/gcc/avr/7.3.0/../../../../avr/lib/avr5/crtatmega32u4.o
                0x000009ac                __init
 *(.init0)
 *(.init1)
 *(.init1)
 *(.init2)
 .init2         0x000009ac        0xc c:/users/buechel/appdata/local/arduino15/packages/arduino/tools/avr-gcc/7.3.0-atmel3.6.1-arduino7/bin/../lib/gcc/avr/7.3.0/../../../../avr/lib/avr5/crtatmega32u4.o
 *(.init2)
 *(.init3)
 *(.init3)
 *(.init4)
 .init4         0x000009b8       0x16 c:/users/buechel/appdata/local/arduino15/packages/arduino/tools/avr-gcc/7.3.0-atmel3.6.1-arduino7/bin/../lib/gcc/avr/7.3.0/avr5\libgcc.a(_copy_data.o)
                0x000009b8                __do_copy_data
 .init4         0x000009ce       0x10 c:/users/buechel/appdata/local/arduino15/packages/arduino/tools/avr-gcc/7.3.0-atmel3.6.1-arduino7/bin/../lib/gcc/avr/7.3.0/avr5\libgcc.a(_clear_bss.o)
                0x000009ce                __do_clear_bss
 *(.init4)
 *(.init5)
 *(.init5)
 *(.init6)
 .init6         0x000009de       0x16 c:/users/buechel/appdata/local/arduino15/packages/arduino/tools/avr-gcc/7.3.0-atmel3.6.1-arduino7/bin/../lib/gcc/avr/7.3.0/avr5\libgcc.a(_ctors.o)
                0x000009de                __do_global_ctors
 *(.init6)
 *(.init7)
 *(.init7)
 *(.init8)
 *(.init8)
 *(.init9)
 .init9         0x000009f4        0x8 c:/users/buechel/appdata/local/arduino15/packages/arduino/tools/avr-gcc/7.3.0-atmel3.6.1-arduino7/bin/../lib/gcc/avr/7.3.0/../../../../avr/lib/avr5/crtatmega32u4.o
 *(.init9)
 *(.text)
 .text          0x000009fc        0x4 c:/users/buechel/appdata/local/arduino15/packages/arduino/tools/avr-gcc/7.3.0-atmel3.6.1-arduino7/bin/../lib/gcc/avr/7.3.0/../../../../avr/lib/avr5/crtatmega32u4.o
                0x000009fc                __vector_38
                0x000009fc                __vector_22
                0x000009fc                __vector_28
                0x000009fc                __vector_1
                0x000009fc                __vector_32
                0x000009fc                __vector_34
                0x000009fc                __vector_24
                0x000009fc                __vector_12
                0x000009fc                __bad_interrupt
                0x000009fc                __vector_6
                0x000009fc                __vector_31
                0x000009fc                __vector_39
                0x000009fc                __vector_3
                0x000009fc                __vector_30
                0x000009fc                __vector_25
                0x000009fc                __vector_13
                0x000009fc                __vector_19
                0x000009fc                __vector_7
                0x000009fc                __vector_41
                0x000009fc                __vector_27
                0x000009fc                __vector_5
                0x000009fc                __vector_33
                0x000009fc                __vector_37
                0x000009fc                __vector_4
                0x000009fc                __vector_9
                0x000009fc                __vector_2
                0x000009fc                __vector_21
                0x000009fc                __vector_15
                0x000009fc                __vector_36
                0x000009fc                __vector_29
                0x000009fc                __vector_40
                0x000009fc                __vector_8
                0x000009fc                __vector_26
                0x000009fc                __vector_14
                0x000009fc                __vector_16
                0x000009fc                __vector_18
                0x000009fc                __vector_42
 .text          0x00000a00     0x2626 C:\Users\buechel\AppData\Local\Temp\cc7ZBATz.ltrans0.ltrans.o
                0x0000278e                __vector_23
                0x00002822                __vector_10
                0x00002900                __vector_11
                0x00002d64                __vector_35
                0x00002df6                __vector_20
                0x00002f1a                __vector_17
 .text          0x00003026        0x0 c:/users/buechel/appdata/local/arduino15/packages/arduino/tools/avr-gcc/7.3.0-atmel3.6.1-arduino7/bin/../lib/gcc/avr/7.3.0/avr5\libgcc.a(_exit.o)
 .text          0x00003026        0x0 c:/users/buechel/appdata/local/arduino15/packages/arduino/tools/avr-gcc/7.3.0-atmel3.6.1-arduino7/bin/../lib/gcc/avr/7.3.0/../../../../avr/lib/avr5\libc.a(dtostrf.o)
 .text          0x00003026        0x0 c:/users/buechel/appdata/local/arduino15/packages/arduino/tools/avr-gcc/7.3.0-atmel3.6.1-arduino7/bin/../lib/gcc/avr/7.3.0/../../../../avr/lib/avr5\libc.a(malloc.o)
 .text          0x00003026        0x0 c:/users/buechel/appdata/local/arduino15/packages/arduino/tools/avr-gcc/7.3.0-atmel3.6.1-arduino7/bin/../lib/gcc/avr/7.3.0/../../../../avr/lib/avr5\libc.a(atof.o)
 .text          0x00003026        0x0 c:/users/buechel/appdata/local/arduino15/packages/arduino/tools/avr-gcc/7.3.0-atmel3.6.1-arduino7/bin/../lib/gcc/avr/7.3.0/../../../../avr/lib/avr5\libc.a(atoi.o)
 .text          0x00003026        0x0 c:/users/buechel/appdata/local/arduino15/packages/arduino/tools/avr-gcc/7.3.0-atmel3.6.1-arduino7/bin/../lib/gcc/avr/7.3.0/../../../../avr/lib/avr5\libc.a(atol.o)
 .text          0x00003026        0x0 c:/users/buechel/appdata/local/arduino15/packages/arduino/tools/avr-gcc/7.3.0-atmel3.6.1-arduino7/bin/../lib/gcc/avr/7.3.0/../../../../avr/lib/avr5\libc.a(strcpy_P.o)
 .text          0x00003026        0x0 c:/users/buechel/appdata/local/arduino15/packages/arduino/tools/avr-gcc/7.3.0-atmel3.6.1-arduino7/bin/../lib/gcc/avr/7.3.0/../../../../avr/lib/avr5\libc.a(strlen_P.o)
 .text          0x00003026        0x0 c:/users/buechel/appdata/local/arduino15/packages/arduino/tools/avr-gcc/7.3.0-atmel3.6.1-arduino7/bin/../lib/gcc/avr/7.3.0/../../../../avr/lib/avr5\libc.a(strtok_r.o)
 .text          0x00003026        0x0 c:/users/buechel/appdata/local/arduino15/packages/arduino/tools/avr-gcc/7.3.0-atmel3.6.1-arduino7/bin/../lib/gcc/avr/7.3.0/../../../../avr/lib/avr5\libc.a(itoa.o)
 .text          0x00003026        0x0 c:/users/buechel/appdata/local/arduino15/packages/arduino/tools/avr-gcc/7.3.0-atmel3.6.1-arduino7/bin/../lib/gcc/avr/7.3.0/../../../../avr/lib/avr5\libc.a(itoa_ncheck.o)
 .text          0x00003026        0x0 c:/users/buechel/appdata/local/arduino15/packages/arduino/tools/avr-gcc/7.3.0-atmel3.6.1-arduino7/bin/../lib/gcc/avr/7.3.0/../../../../avr/lib/avr5\libc.a(ltoa.o)
 .text          0x00003026        0x0 c:/users/buechel/appdata/local/arduino15/packages/arduino/tools/avr-gcc/7.3.0-atmel3.6.1-arduino7/bin/../lib/gcc/avr/7.3.0/../../../../avr/lib/avr5\libc.a(ltoa_ncheck.o)
 .text          0x00003026        0x0 c:/users/buechel/appdata/local/arduino15/packages/arduino/tools/avr-gcc/7.3.0-atmel3.6.1-arduino7/bin/../lib/gcc/avr/7.3.0/../../../../avr/lib/avr5\libc.a(mulsi10.o)
 .text          0x00003026        0x0 c:/users/buechel/appdata/local/arduino15/packages/arduino/tools/avr-gcc/7.3.0-atmel3.6.1-arduino7/bin/../lib/gcc/avr/7.3.0/../../../../avr/lib/avr5\libc.a(mul10.o)
 .text          0x00003026        0x0 c:/users/buechel/appdata/local/arduino15/packages/arduino/tools/avr-gcc/7.3.0-atmel3.6.1-arduino7/bin/../lib/gcc/avr/7.3.0/../../../../avr/lib/avr5\libc.a(ultoa.o)
 .text          0x00003026        0x0 c:/users/buechel/appdata/local/arduino15/packages/arduino/tools/avr-gcc/7.3.0-atmel3.6.1-arduino7/bin/../lib/gcc/avr/7.3.0/../../../../avr/lib/avr5\libc.a(ultoa_ncheck.o)
 .text          0x00003026        0x0 c:/users/buechel/appdata/local/arduino15/packages/arduino/tools/avr-gcc/7.3.0-atmel3.6.1-arduino7/bin/../lib/gcc/avr/7.3.0/../../../../avr/lib/avr5\libc.a(utoa.o)
 .text          0x00003026        0x0 c:/users/buechel/appdata/local/arduino15/packages/arduino/tools/avr-gcc/7.3.0-atmel3.6.1-arduino7/bin/../lib/gcc/avr/7.3.0/../../../../avr/lib/avr5\libc.a(utoa_ncheck.o)
 .text          0x00003026        0x0 c:/users/buechel/appdata/local/arduino15/packages/arduino/tools/avr-gcc/7.3.0-atmel3.6.1-arduino7/bin/../lib/gcc/avr/7.3.0/../../../../avr/lib/avr5\libc.a(dtoa_prf.o)
 .text          0x00003026        0x0 c:/users/buechel/appdata/local/arduino15/packages/arduino/tools/avr-gcc/7.3.0-atmel3.6.1-arduino7/bin/../lib/gcc/avr/7.3.0/../../../../avr/lib/avr5\libc.a(strtod.o)
 .text          0x00003026        0x0 c:/users/buechel/appdata/local/arduino15/packages/arduino/tools/avr-gcc/7.3.0-atmel3.6.1-arduino7/bin/../lib/gcc/avr/7.3.0/../../../../avr/lib/avr5\libc.a(ftoa_engine.o)
 .text          0x00003026        0x0 c:/users/buechel/appdata/local/arduino15/packages/arduino/tools/avr-gcc/7.3.0-atmel3.6.1-arduino7/bin/../lib/gcc/avr/7.3.0/../../../../avr/lib/avr5\libc.a(isspace.o)
 .text          0x00003026        0x0 c:/users/buechel/appdata/local/arduino15/packages/arduino/tools/avr-gcc/7.3.0-atmel3.6.1-arduino7/bin/../lib/gcc/avr/7.3.0/../../../../avr/lib/avr5\libc.a(strncasecmp_P.o)
 .text          0x00003026        0x0 c:/users/buechel/appdata/local/arduino15/packages/arduino/tools/avr-gcc/7.3.0-atmel3.6.1-arduino7/bin/../lib/gcc/avr/7.3.0/../../../../avr/lib/avr5\libc.a(strrev.o)
 .text          0x00003026        0x0 c:/users/buechel/appdata/local/arduino15/packages/arduino/tools/avr-gcc/7.3.0-atmel3.6.1-arduino7/bin/../lib/gcc/avr/7.3.0/../../../../avr/lib/avr5\libc.a(cmpsf2.o)
 .text          0x00003026        0x0 c:/users/buechel/appdata/local/arduino15/packages/arduino/tools/avr-gcc/7.3.0-atmel3.6.1-arduino7/bin/../lib/gcc/avr/7.3.0/../../../../avr/lib/avr5\libc.a(floatsisf.o)
 .text          0x00003026        0x0 c:/users/buechel/appdata/local/arduino15/packages/arduino/tools/avr-gcc/7.3.0-atmel3.6.1-arduino7/bin/../lib/gcc/avr/7.3.0/../../../../avr/lib/avr5\libc.a(fp_cmp.o)
 .text          0x00003026        0x0 c:/users/buechel/appdata/local/arduino15/packages/arduino/tools/avr-gcc/7.3.0-atmel3.6.1-arduino7/bin/../lib/gcc/avr/7.3.0/../../../../avr/lib/avr5\libc.a(mulsf3.o)
 .text          0x00003026        0x0 c:/users/buechel/appdata/local/arduino15/packages/arduino/tools/avr-gcc/7.3.0-atmel3.6.1-arduino7/bin/../lib/gcc/avr/7.3.0/../../../../avr/lib/avr5\libc.a(mulsf3x.o)
 .text          0x00003026        0x0 c:/users/buechel/appdata/local/arduino15/packages/arduino/tools/avr-gcc/7.3.0-atmel3.6.1-arduino7/bin/../lib/gcc/avr/7.3.0/../../../../avr/lib/avr5\libc.a(errno.o)
 .text          0x00003026        0x0 c:/users/buechel/appdata/local/arduino15/packages/arduino/tools/avr-gcc/7.3.0-atmel3.6.1-arduino7/bin/../lib/gcc/avr/7.3.0/../../../../avr/lib/avr5\libc.a(cty_isfalse.o)
 .text          0x00003026        0x0 c:/users/buechel/appdata/local/arduino15/packages/arduino/tools/avr-gcc/7.3.0-atmel3.6.1-arduino7/bin/../lib/gcc/avr/7.3.0/../../../../avr/lib/avr5\libc.a(fp_inf.o)
 .text          0x00003026        0x0 c:/users/buechel/appdata/local/arduino15/packages/arduino/tools/avr-gcc/7.3.0-atmel3.6.1-arduino7/bin/../lib/gcc/avr/7.3.0/../../../../avr/lib/avr5\libc.a(fp_nan.o)
 .text          0x00003026        0x0 c:/users/buechel/appdata/local/arduino15/packages/arduino/tools/avr-gcc/7.3.0-atmel3.6.1-arduino7/bin/../lib/gcc/avr/7.3.0/../../../../avr/lib/avr5\libc.a(fp_pscA.o)
 .text          0x00003026        0x0 c:/users/buechel/appdata/local/arduino15/packages/arduino/tools/avr-gcc/7.3.0-atmel3.6.1-arduino7/bin/../lib/gcc/avr/7.3.0/../../../../avr/lib/avr5\libc.a(fp_pscB.o)
 .text          0x00003026        0x0 c:/users/buechel/appdata/local/arduino15/packages/arduino/tools/avr-gcc/7.3.0-atmel3.6.1-arduino7/bin/../lib/gcc/avr/7.3.0/../../../../avr/lib/avr5\libc.a(fp_round.o)
 .text          0x00003026        0x0 c:/users/buechel/appdata/local/arduino15/packages/arduino/tools/avr-gcc/7.3.0-atmel3.6.1-arduino7/bin/../lib/gcc/avr/7.3.0/../../../../avr/lib/avr5\libc.a(fp_split3.o)
 .text          0x00003026        0x0 c:/users/buechel/appdata/local/arduino15/packages/arduino/tools/avr-gcc/7.3.0-atmel3.6.1-arduino7/bin/../lib/gcc/avr/7.3.0/../../../../avr/lib/avr5\libc.a(fp_zero.o)
 .text          0x00003026        0x0 c:/users/buechel/appdata/local/arduino15/packages/arduino/tools/avr-gcc/7.3.0-atmel3.6.1-arduino7/bin/../lib/gcc/avr/7.3.0/../../../../avr/lib/avr5\libatmega32u4.a(eerd_byte.o)
 .text          0x00003026        0x0 c:/users/buechel/appdata/local/arduino15/packages/arduino/tools/avr-gcc/7.3.0-atmel3.6.1-arduino7/bin/../lib/gcc/avr/7.3.0/../../../../avr/lib/avr5\libatmega32u4.a(eewr_byte.o)
 .text          0x00003026        0x0 c:/users/buechel/appdata/local/arduino15/packages/arduino/tools/avr-gcc/7.3.0-atmel3.6.1-arduino7/bin/../lib/gcc/avr/7.3.0/avr5\libgcc.a(_copy_data.o)
 .text          0x00003026        0x0 c:/users/buechel/appdata/local/arduino15/packages/arduino/tools/avr-gcc/7.3.0-atmel3.6.1-arduino7/bin/../lib/gcc/avr/7.3.0/avr5\libgcc.a(_clear_bss.o)
 .text          0x00003026        0x0 c:/users/buechel/appdata/local/arduino15/packages/arduino/tools/avr-gcc/7.3.0-atmel3.6.1-arduino7/bin/../lib/gcc/avr/7.3.0/avr5\libgcc.a(_muluhisi3.o)
 .text          0x00003026        0x0 c:/users/buechel/appdata/local/arduino15/packages/arduino/tools/avr-gcc/7.3.0-atmel3.6.1-arduino7/bin/../lib/gcc/avr/7.3.0/avr5\libgcc.a(_prologue.o)
 .text          0x00003026        0x0 c:/users/buechel/appdata/local/arduino15/packages/arduino/tools/avr-gcc/7.3.0-atmel3.6.1-arduino7/bin/../lib/gcc/avr/7.3.0/avr5\libgcc.a(_epilogue.o)
 .text          0x00003026        0x0 c:/users/buechel/appdata/local/arduino15/packages/arduino/tools/avr-gcc/7.3.0-atmel3.6.1-arduino7/bin/../lib/gcc/avr/7.3.0/avr5\libgcc.a(_umulhisi3.o)
 .text          0x00003026        0x0 c:/users/buechel/appdata/local/arduino15/packages/arduino/tools/avr-gcc/7.3.0-atmel3.6.1-arduino7/bin/../lib/gcc/avr/7.3.0/../../../../avr/lib/avr5\libm.a(addsf3.o)
 .text          0x00003026        0x0 c:/users/buechel/appdata/local/arduino15/packages/arduino/tools/avr-gcc/7.3.0-atmel3.6.1-arduino7/bin/../lib/gcc/avr/7.3.0/../../../../avr/lib/avr5\libm.a(addsf3x.o)
 .text          0x00003026        0x0 c:/users/buechel/appdata/local/arduino15/packages/arduino/tools/avr-gcc/7.3.0-atmel3.6.1-arduino7/bin/../lib/gcc/avr/7.3.0/../../../../avr/lib/avr5\libm.a(divsf3.o)
 .text          0x00003026        0x0 c:/users/buechel/appdata/local/arduino15/packages/arduino/tools/avr-gcc/7.3.0-atmel3.6.1-arduino7/bin/../lib/gcc/avr/7.3.0/../../../../avr/lib/avr5\libm.a(divsf3x.o)
 .text          0x00003026        0x0 c:/users/buechel/appdata/local/arduino15/packages/arduino/tools/avr-gcc/7.3.0-atmel3.6.1-arduino7/bin/../lib/gcc/avr/7.3.0/../../../../avr/lib/avr5\libm.a(fixsfsi.o)
 .text          0x00003026        0x0 c:/users/buechel/appdata/local/arduino15/packages/arduino/tools/avr-gcc/7.3.0-atmel3.6.1-arduino7/bin/../lib/gcc/avr/7.3.0/../../../../avr/lib/avr5\libm.a(fixunssfsi.o)
 .text          0x00003026        0x0 c:/users/buechel/appdata/local/arduino15/packages/arduino/tools/avr-gcc/7.3.0-atmel3.6.1-arduino7/bin/../lib/gcc/avr/7.3.0/avr5\libgcc.a(_udivmodsi4.o)
 .text          0x00003026        0x0 c:/users/buechel/appdata/local/arduino15/packages/arduino/tools/avr-gcc/7.3.0-atmel3.6.1-arduino7/bin/../lib/gcc/avr/7.3.0/avr5\libgcc.a(_divmodsi4.o)
 .text          0x00003026        0x0 c:/users/buechel/appdata/local/arduino15/packages/arduino/tools/avr-gcc/7.3.0-atmel3.6.1-arduino7/bin/../lib/gcc/avr/7.3.0/avr5\libgcc.a(_negsi2.o)
 .text          0x00003026        0x0 c:/users/buechel/appdata/local/arduino15/packages/arduino/tools/avr-gcc/7.3.0-atmel3.6.1-arduino7/bin/../lib/gcc/avr/7.3.0/avr5\libgcc.a(_ctors.o)
 .text          0x00003026        0x0 c:/users/buechel/appdata/local/arduino15/packages/arduino/tools/avr-gcc/7.3.0-atmel3.6.1-arduino7/bin/../lib/gcc/avr/7.3.0/avr5\libgcc.a(_dtors.o)
 .text          0x00003026        0x0 c:/users/buechel/appdata/local/arduino15/packages/arduino/tools/avr-gcc/7.3.0-atmel3.6.1-arduino7/bin/../lib/gcc/avr/7.3.0/avr5\libgcc.a(_mulsidi3.o)
 .text          0x00003026        0x0 c:/users/buechel/appdata/local/arduino15/packages/arduino/tools/avr-gcc/7.3.0-atmel3.6.1-arduino7/bin/../lib/gcc/avr/7.3.0/avr5\libgcc.a(_umulsidi3.o)
 .text          0x00003026        0x0 c:/users/buechel/appdata/local/arduino15/packages/arduino/tools/avr-gcc/7.3.0-atmel3.6.1-arduino7/bin/../lib/gcc/avr/7.3.0/avr5\libgcc.a(_divdi3.o)
 .text          0x00003026        0x0 c:/users/buechel/appdata/local/arduino15/packages/arduino/tools/avr-gcc/7.3.0-atmel3.6.1-arduino7/bin/../lib/gcc/avr/7.3.0/avr5\libgcc.a(_udivdi3.o)
 .text          0x00003026        0x0 c:/users/buechel/appdata/local/arduino15/packages/arduino/tools/avr-gcc/7.3.0-atmel3.6.1-arduino7/bin/../lib/gcc/avr/7.3.0/avr5\libgcc.a(_udivmod64.o)
 .text          0x00003026        0x0 c:/users/buechel/appdata/local/arduino15/packages/arduino/tools/avr-gcc/7.3.0-atmel3.6.1-arduino7/bin/../lib/gcc/avr/7.3.0/avr5\libgcc.a(_negdi2.o)
 .text          0x00003026        0x0 c:/users/buechel/appdata/local/arduino15/packages/arduino/tools/avr-gcc/7.3.0-atmel3.6.1-arduino7/bin/../lib/gcc/avr/7.3.0/avr5\libgcc.a(_tablejump2.o)
 .text          0x00003026        0x0 c:/users/buechel/appdata/local/arduino15/packages/arduino/tools/avr-gcc/7.3.0-atmel3.6.1-arduino7/bin/../lib/gcc/avr/7.3.0/avr5\libgcc.a(_muldi3_6.o)
 .text          0x00003026        0x0 c:/users/buechel/appdata/local/arduino15/packages/arduino/tools/avr-gcc/7.3.0-atmel3.6.1-arduino7/bin/../lib/gcc/avr/7.3.0/../../../../avr/lib/avr5\libc.a(realloc.o)
 .text          0x00003026        0x0 c:/users/buechel/appdata/local/arduino15/packages/arduino/tools/avr-gcc/7.3.0-atmel3.6.1-arduino7/bin/../lib/gcc/avr/7.3.0/../../../../avr/lib/avr5\libc.a(isprint.o)
 .text          0x00003026        0x0 c:/users/buechel/appdata/local/arduino15/packages/arduino/tools/avr-gcc/7.3.0-atmel3.6.1-arduino7/bin/../lib/gcc/avr/7.3.0/../../../../avr/lib/avr5\libc.a(toupper.o)
 .text          0x00003026        0x0 c:/users/buechel/appdata/local/arduino15/packages/arduino/tools/avr-gcc/7.3.0-atmel3.6.1-arduino7/bin/../lib/gcc/avr/7.3.0/../../../../avr/lib/avr5\libc.a(memcpy.o)
 .text          0x00003026        0x0 c:/users/buechel/appdata/local/arduino15/packages/arduino/tools/avr-gcc/7.3.0-atmel3.6.1-arduino7/bin/../lib/gcc/avr/7.3.0/../../../../avr/lib/avr5\libc.a(strcpy.o)
 .text          0x00003026        0x0 c:/users/buechel/appdata/local/arduino15/packages/arduino/tools/avr-gcc/7.3.0-atmel3.6.1-arduino7/bin/../lib/gcc/avr/7.3.0/../../../../avr/lib/avr5\libc.a(strncmp.o)
 .text          0x00003026        0x0 c:/users/buechel/appdata/local/arduino15/packages/arduino/tools/avr-gcc/7.3.0-atmel3.6.1-arduino7/bin/../lib/gcc/avr/7.3.0/../../../../avr/lib/avr5\libc.a(strncpy.o)
 .text          0x00003026        0x0 c:/users/buechel/appdata/local/arduino15/packages/arduino/tools/avr-gcc/7.3.0-atmel3.6.1-arduino7/bin/../lib/gcc/avr/7.3.0/../../../../avr/lib/avr5\libc.a(sprintf.o)
 .text          0x00003026        0x0 c:/users/buechel/appdata/local/arduino15/packages/arduino/tools/avr-gcc/7.3.0-atmel3.6.1-arduino7/bin/../lib/gcc/avr/7.3.0/../../../../avr/lib/avr5\libc.a(vfprintf_std.o)
 .text          0x00003026        0x0 c:/users/buechel/appdata/local/arduino15/packages/arduino/tools/avr-gcc/7.3.0-atmel3.6.1-arduino7/bin/../lib/gcc/avr/7.3.0/../../../../avr/lib/avr5\libc.a(strnlen_P.o)
 .text          0x00003026        0x0 c:/users/buechel/appdata/local/arduino15/packages/arduino/tools/avr-gcc/7.3.0-atmel3.6.1-arduino7/bin/../lib/gcc/avr/7.3.0/../../../../avr/lib/avr5\libc.a(strnlen.o)
 .text          0x00003026        0x0 c:/users/buechel/appdata/local/arduino15/packages/arduino/tools/avr-gcc/7.3.0-atmel3.6.1-arduino7/bin/../lib/gcc/avr/7.3.0/../../../../avr/lib/avr5\libc.a(fputc.o)
 .text          0x00003026        0x0 c:/users/buechel/appdata/local/arduino15/packages/arduino/tools/avr-gcc/7.3.0-atmel3.6.1-arduino7/bin/../lib/gcc/avr/7.3.0/../../../../avr/lib/avr5\libc.a(ultoa_invert.o)
                0x00003026                . = ALIGN (0x2)
 *(.text.*)
 .text.startup  0x00003026      0x460 C:\Users\buechel\AppData\Local\Temp\cc7ZBATz.ltrans0.ltrans.o
                0x0000309c                main
 .text.exit     0x00003486        0x8 C:\Users\buechel\AppData\Local\Temp\cc7ZBATz.ltrans0.ltrans.o
 .text.libgcc.mul
                0x0000348e        0x0 c:/users/buechel/appdata/local/arduino15/packages/arduino/tools/avr-gcc/7.3.0-atmel3.6.1-arduino7/bin/../lib/gcc/avr/7.3.0/avr5\libgcc.a(_exit.o)
 .text.libgcc.div
                0x0000348e        0x0 c:/users/buechel/appdata/local/arduino15/packages/arduino/tools/avr-gcc/7.3.0-atmel3.6.1-arduino7/bin/../lib/gcc/avr/7.3.0/avr5\libgcc.a(_exit.o)
 .text.libgcc   0x0000348e        0x0 c:/users/buechel/appdata/local/arduino15/packages/arduino/tools/avr-gcc/7.3.0-atmel3.6.1-arduino7/bin/../lib/gcc/avr/7.3.0/avr5\libgcc.a(_exit.o)
 .text.libgcc.prologue
                0x0000348e        0x0 c:/users/buechel/appdata/local/arduino15/packages/arduino/tools/avr-gcc/7.3.0-atmel3.6.1-arduino7/bin/../lib/gcc/avr/7.3.0/avr5\libgcc.a(_exit.o)
 .text.libgcc.builtins
                0x0000348e        0x0 c:/users/buechel/appdata/local/arduino15/packages/arduino/tools/avr-gcc/7.3.0-atmel3.6.1-arduino7/bin/../lib/gcc/avr/7.3.0/avr5\libgcc.a(_exit.o)
 .text.libgcc.fmul
                0x0000348e        0x0 c:/users/buechel/appdata/local/arduino15/packages/arduino/tools/avr-gcc/7.3.0-atmel3.6.1-arduino7/bin/../lib/gcc/avr/7.3.0/avr5\libgcc.a(_exit.o)
 .text.libgcc.fixed
                0x0000348e        0x0 c:/users/buechel/appdata/local/arduino15/packages/arduino/tools/avr-gcc/7.3.0-atmel3.6.1-arduino7/bin/../lib/gcc/avr/7.3.0/avr5\libgcc.a(_exit.o)
 .text.avr-libc
                0x0000348e       0x3c c:/users/buechel/appdata/local/arduino15/packages/arduino/tools/avr-gcc/7.3.0-atmel3.6.1-arduino7/bin/../lib/gcc/avr/7.3.0/../../../../avr/lib/avr5\libc.a(dtostrf.o)
                0x0000348e                dtostrf
 .text.avr-libc
                0x000034ca      0x24a c:/users/buechel/appdata/local/arduino15/packages/arduino/tools/avr-gcc/7.3.0-atmel3.6.1-arduino7/bin/../lib/gcc/avr/7.3.0/../../../../avr/lib/avr5\libc.a(malloc.o)
                0x000034ca                malloc
                0x00003602                free
 .text.avr-libc
                0x00003714        0x8 c:/users/buechel/appdata/local/arduino15/packages/arduino/tools/avr-gcc/7.3.0-atmel3.6.1-arduino7/bin/../lib/gcc/avr/7.3.0/../../../../avr/lib/avr5\libc.a(atof.o)
                0x00003714                atof
 .text.avr-libc
                0x0000371c       0x3c c:/users/buechel/appdata/local/arduino15/packages/arduino/tools/avr-gcc/7.3.0-atmel3.6.1-arduino7/bin/../lib/gcc/avr/7.3.0/../../../../avr/lib/avr5\libc.a(atoi.o)
                0x0000371c                atoi
 .text.avr-libc
                0x00003758       0x4e c:/users/buechel/appdata/local/arduino15/packages/arduino/tools/avr-gcc/7.3.0-atmel3.6.1-arduino7/bin/../lib/gcc/avr/7.3.0/../../../../avr/lib/avr5\libc.a(atol.o)
                0x00003758                atol
 .text.avr-libc
                0x000037a6        0xe c:/users/buechel/appdata/local/arduino15/packages/arduino/tools/avr-gcc/7.3.0-atmel3.6.1-arduino7/bin/../lib/gcc/avr/7.3.0/../../../../avr/lib/avr5\libc.a(strcpy_P.o)
                0x000037a6                strcpy_P
 .text.avr-libc
                0x000037b4       0x12 c:/users/buechel/appdata/local/arduino15/packages/arduino/tools/avr-gcc/7.3.0-atmel3.6.1-arduino7/bin/../lib/gcc/avr/7.3.0/../../../../avr/lib/avr5\libc.a(strlen_P.o)
                0x000037b4                __strlen_P
 .text.avr-libc
                0x000037c6       0x4e c:/users/buechel/appdata/local/arduino15/packages/arduino/tools/avr-gcc/7.3.0-atmel3.6.1-arduino7/bin/../lib/gcc/avr/7.3.0/../../../../avr/lib/avr5\libc.a(strtok_r.o)
                0x000037c6                strtok_r
 .text.avr-libc
                0x00003814       0x16 c:/users/buechel/appdata/local/arduino15/packages/arduino/tools/avr-gcc/7.3.0-atmel3.6.1-arduino7/bin/../lib/gcc/avr/7.3.0/../../../../avr/lib/avr5\libc.a(itoa.o)
                0x00003814                __itoa
                0x00003814                itoa
 .text.avr-libc
                0x0000382a       0x16 c:/users/buechel/appdata/local/arduino15/packages/arduino/tools/avr-gcc/7.3.0-atmel3.6.1-arduino7/bin/../lib/gcc/avr/7.3.0/../../../../avr/lib/avr5\libc.a(itoa_ncheck.o)
                0x0000382a                __itoa_ncheck
 .text.avr-libc
                0x00003840       0x16 c:/users/buechel/appdata/local/arduino15/packages/arduino/tools/avr-gcc/7.3.0-atmel3.6.1-arduino7/bin/../lib/gcc/avr/7.3.0/../../../../avr/lib/avr5\libc.a(ltoa.o)
                0x00003840                ltoa
                0x00003840                __ltoa
 .text.avr-libc
                0x00003856       0x1e c:/users/buechel/appdata/local/arduino15/packages/arduino/tools/avr-gcc/7.3.0-atmel3.6.1-arduino7/bin/../lib/gcc/avr/7.3.0/../../../../avr/lib/avr5\libc.a(ltoa_ncheck.o)
                0x00003856                __ltoa_ncheck
 .text.avr-libc
                0x00003874       0x2a c:/users/buechel/appdata/local/arduino15/packages/arduino/tools/avr-gcc/7.3.0-atmel3.6.1-arduino7/bin/../lib/gcc/avr/7.3.0/../../../../avr/lib/avr5\libc.a(mulsi10.o)
                0x00003874                __mulsi_const_10
 .text.avr-libc
                0x0000389e       0x10 c:/users/buechel/appdata/local/arduino15/packages/arduino/tools/avr-gcc/7.3.0-atmel3.6.1-arduino7/bin/../lib/gcc/avr/7.3.0/../../../../avr/lib/avr5\libc.a(mul10.o)
                0x0000389e                __mulhi_const_10
 .text.avr-libc
                0x000038ae       0x16 c:/users/buechel/appdata/local/arduino15/packages/arduino/tools/avr-gcc/7.3.0-atmel3.6.1-arduino7/bin/../lib/gcc/avr/7.3.0/../../../../avr/lib/avr5\libc.a(ultoa.o)
                0x000038ae                ultoa
                0x000038ae                __ultoa
 .text.avr-libc
                0x000038c4       0x44 c:/users/buechel/appdata/local/arduino15/packages/arduino/tools/avr-gcc/7.3.0-atmel3.6.1-arduino7/bin/../lib/gcc/avr/7.3.0/../../../../avr/lib/avr5\libc.a(ultoa_ncheck.o)
                0x000038c4                __ultoa_ncheck
                0x000038c6                __ultoa_common
 .text.avr-libc
                0x00003908       0x16 c:/users/buechel/appdata/local/arduino15/packages/arduino/tools/avr-gcc/7.3.0-atmel3.6.1-arduino7/bin/../lib/gcc/avr/7.3.0/../../../../avr/lib/avr5\libc.a(utoa.o)
                0x00003908                __utoa
                0x00003908                utoa
 .text.avr-libc
                0x0000391e       0x34 c:/users/buechel/appdata/local/arduino15/packages/arduino/tools/avr-gcc/7.3.0-atmel3.6.1-arduino7/bin/../lib/gcc/avr/7.3.0/../../../../avr/lib/avr5\libc.a(utoa_ncheck.o)
                0x0000391e                __utoa_ncheck
                0x00003920                __utoa_common
 .text.avr-libc
                0x00003952      0x2be c:/users/buechel/appdata/local/arduino15/packages/arduino/tools/avr-gcc/7.3.0-atmel3.6.1-arduino7/bin/../lib/gcc/avr/7.3.0/../../../../avr/lib/avr5\libc.a(dtoa_prf.o)
                0x00003952                dtoa_prf
 .text.avr-libc
                0x00003c10      0x2a0 c:/users/buechel/appdata/local/arduino15/packages/arduino/tools/avr-gcc/7.3.0-atmel3.6.1-arduino7/bin/../lib/gcc/avr/7.3.0/../../../../avr/lib/avr5\libc.a(strtod.o)
                0x00003c10                strtod
 .text.avr-libc
                0x00003eb0      0x1b0 c:/users/buechel/appdata/local/arduino15/packages/arduino/tools/avr-gcc/7.3.0-atmel3.6.1-arduino7/bin/../lib/gcc/avr/7.3.0/../../../../avr/lib/avr5\libc.a(ftoa_engine.o)
                0x00003eb0                __ftoa_engine
 .text.avr-libc
                0x00004060       0x12 c:/users/buechel/appdata/local/arduino15/packages/arduino/tools/avr-gcc/7.3.0-atmel3.6.1-arduino7/bin/../lib/gcc/avr/7.3.0/../../../../avr/lib/avr5\libc.a(isspace.o)
                0x00004060                isspace
 .text.avr-libc
                0x00004072       0x30 c:/users/buechel/appdata/local/arduino15/packages/arduino/tools/avr-gcc/7.3.0-atmel3.6.1-arduino7/bin/../lib/gcc/avr/7.3.0/../../../../avr/lib/avr5\libc.a(strncasecmp_P.o)
                0x00004072                strncasecmp_P
 .text.avr-libc
                0x000040a2       0x20 c:/users/buechel/appdata/local/arduino15/packages/arduino/tools/avr-gcc/7.3.0-atmel3.6.1-arduino7/bin/../lib/gcc/avr/7.3.0/../../../../avr/lib/avr5\libc.a(strrev.o)
                0x000040a2                strrev
 .text.avr-libc.fplib
                0x000040c2        0xa c:/users/buechel/appdata/local/arduino15/packages/arduino/tools/avr-gcc/7.3.0-atmel3.6.1-arduino7/bin/../lib/gcc/avr/7.3.0/../../../../avr/lib/avr5\libc.a(cmpsf2.o)
                0x000040c2                __nesf2
                0x000040c2                __eqsf2
                0x000040c2                __cmpsf2
                0x000040c2                __ltsf2
                0x000040c2                __lesf2
 .text.avr-libc.fplib
                0x000040cc       0x7a c:/users/buechel/appdata/local/arduino15/packages/arduino/tools/avr-gcc/7.3.0-atmel3.6.1-arduino7/bin/../lib/gcc/avr/7.3.0/../../../../avr/lib/avr5\libc.a(floatsisf.o)
                0x000040cc                __floatunsisf
                0x000040d0                __floatsisf
 .text.avr-libc.fplib
                0x00004146       0x48 c:/users/buechel/appdata/local/arduino15/packages/arduino/tools/avr-gcc/7.3.0-atmel3.6.1-arduino7/bin/../lib/gcc/avr/7.3.0/../../../../avr/lib/avr5\libc.a(fp_cmp.o)
                0x00004146                __fp_cmp
 .text.avr-libc.fplib
                0x0000418e        0x8 c:/users/buechel/appdata/local/arduino15/packages/arduino/tools/avr-gcc/7.3.0-atmel3.6.1-arduino7/bin/../lib/gcc/avr/7.3.0/../../../../avr/lib/avr5\libc.a(mulsf3.o)
                0x0000418e                __mulsf3
 .text.avr-libc.fplib
                0x00004196       0xd2 c:/users/buechel/appdata/local/arduino15/packages/arduino/tools/avr-gcc/7.3.0-atmel3.6.1-arduino7/bin/../lib/gcc/avr/7.3.0/../../../../avr/lib/avr5\libc.a(mulsf3x.o)
                0x000041b4                __mulsf3x
                0x000041ba                __mulsf3_pse
 .text.avr-libc
                0x00004268        0x6 c:/users/buechel/appdata/local/arduino15/packages/arduino/tools/avr-gcc/7.3.0-atmel3.6.1-arduino7/bin/../lib/gcc/avr/7.3.0/../../../../avr/lib/avr5\libc.a(cty_isfalse.o)
                0x00004268                __ctype_isfalse
                0x0000426c                __ctype_istrue
 .text.avr-libc.fplib
                0x0000426e        0xc c:/users/buechel/appdata/local/arduino15/packages/arduino/tools/avr-gcc/7.3.0-atmel3.6.1-arduino7/bin/../lib/gcc/avr/7.3.0/../../../../avr/lib/avr5\libc.a(fp_inf.o)
                0x0000426e                __fp_inf
 .text.avr-libc.fplib
                0x0000427a        0x6 c:/users/buechel/appdata/local/arduino15/packages/arduino/tools/avr-gcc/7.3.0-atmel3.6.1-arduino7/bin/../lib/gcc/avr/7.3.0/../../../../avr/lib/avr5\libc.a(fp_nan.o)
                0x0000427a                __fp_nan
 .text.avr-libc.fplib
                0x00004280        0xe c:/users/buechel/appdata/local/arduino15/packages/arduino/tools/avr-gcc/7.3.0-atmel3.6.1-arduino7/bin/../lib/gcc/avr/7.3.0/../../../../avr/lib/avr5\libc.a(fp_pscA.o)
                0x00004280                __fp_pscA
 .text.avr-libc.fplib
                0x0000428e        0xe c:/users/buechel/appdata/local/arduino15/packages/arduino/tools/avr-gcc/7.3.0-atmel3.6.1-arduino7/bin/../lib/gcc/avr/7.3.0/../../../../avr/lib/avr5\libc.a(fp_pscB.o)
                0x0000428e                __fp_pscB
 .text.avr-libc.fplib
                0x0000429c       0x22 c:/users/buechel/appdata/local/arduino15/packages/arduino/tools/avr-gcc/7.3.0-atmel3.6.1-arduino7/bin/../lib/gcc/avr/7.3.0/../../../../avr/lib/avr5\libc.a(fp_round.o)
                0x0000429c                __fp_round
 .text.avr-libc.fplib
                0x000042be       0x44 c:/users/buechel/appdata/local/arduino15/packages/arduino/tools/avr-gcc/7.3.0-atmel3.6.1-arduino7/bin/../lib/gcc/avr/7.3.0/../../../../avr/lib/avr5\libc.a(fp_split3.o)
                0x000042be                __fp_split3
                0x000042ce                __fp_splitA
 .text.avr-libc.fplib
                0x00004302        0xe c:/users/buechel/appdata/local/arduino15/packages/arduino/tools/avr-gcc/7.3.0-atmel3.6.1-arduino7/bin/../lib/gcc/avr/7.3.0/../../../../avr/lib/avr5\libc.a(fp_zero.o)
                0x00004302                __fp_zero
                0x00004304                __fp_szero
 .text.avr-libc
                0x00004310       0x10 c:/users/buechel/appdata/local/arduino15/packages/arduino/tools/avr-gcc/7.3.0-atmel3.6.1-arduino7/bin/../lib/gcc/avr/7.3.0/../../../../avr/lib/avr5\libatmega32u4.a(eerd_byte.o)
                0x00004310                eeprom_read_byte
 .text.avr-libc
                0x00004320       0x1c c:/users/buechel/appdata/local/arduino15/packages/arduino/tools/avr-gcc/7.3.0-atmel3.6.1-arduino7/bin/../lib/gcc/avr/7.3.0/../../../../avr/lib/avr5\libatmega32u4.a(eewr_byte.o)
                0x00004320                eeprom_write_byte
                0x00004322                eeprom_write_r18
 .text.libgcc.mul
                0x0000433c        0x0 c:/users/buechel/appdata/local/arduino15/packages/arduino/tools/avr-gcc/7.3.0-atmel3.6.1-arduino7/bin/../lib/gcc/avr/7.3.0/avr5\libgcc.a(_copy_data.o)
 .text.libgcc.div
                0x0000433c        0x0 c:/users/buechel/appdata/local/arduino15/packages/arduino/tools/avr-gcc/7.3.0-atmel3.6.1-arduino7/bin/../lib/gcc/avr/7.3.0/avr5\libgcc.a(_copy_data.o)
 .text.libgcc   0x0000433c        0x0 c:/users/buechel/appdata/local/arduino15/packages/arduino/tools/avr-gcc/7.3.0-atmel3.6.1-arduino7/bin/../lib/gcc/avr/7.3.0/avr5\libgcc.a(_copy_data.o)
 .text.libgcc.prologue
                0x0000433c        0x0 c:/users/buechel/appdata/local/arduino15/packages/arduino/tools/avr-gcc/7.3.0-atmel3.6.1-arduino7/bin/../lib/gcc/avr/7.3.0/avr5\libgcc.a(_copy_data.o)
 .text.libgcc.builtins
                0x0000433c        0x0 c:/users/buechel/appdata/local/arduino15/packages/arduino/tools/avr-gcc/7.3.0-atmel3.6.1-arduino7/bin/../lib/gcc/avr/7.3.0/avr5\libgcc.a(_copy_data.o)
 .text.libgcc.fmul
                0x0000433c        0x0 c:/users/buechel/appdata/local/arduino15/packages/arduino/tools/avr-gcc/7.3.0-atmel3.6.1-arduino7/bin/../lib/gcc/avr/7.3.0/avr5\libgcc.a(_copy_data.o)
 .text.libgcc.fixed
                0x0000433c        0x0 c:/users/buechel/appdata/local/arduino15/packages/arduino/tools/avr-gcc/7.3.0-atmel3.6.1-arduino7/bin/../lib/gcc/avr/7.3.0/avr5\libgcc.a(_copy_data.o)
 .text.libgcc.mul
                0x0000433c        0x0 c:/users/buechel/appdata/local/arduino15/packages/arduino/tools/avr-gcc/7.3.0-atmel3.6.1-arduino7/bin/../lib/gcc/avr/7.3.0/avr5\libgcc.a(_clear_bss.o)
 .text.libgcc.div
                0x0000433c        0x0 c:/users/buechel/appdata/local/arduino15/packages/arduino/tools/avr-gcc/7.3.0-atmel3.6.1-arduino7/bin/../lib/gcc/avr/7.3.0/avr5\libgcc.a(_clear_bss.o)
 .text.libgcc   0x0000433c        0x0 c:/users/buechel/appdata/local/arduino15/packages/arduino/tools/avr-gcc/7.3.0-atmel3.6.1-arduino7/bin/../lib/gcc/avr/7.3.0/avr5\libgcc.a(_clear_bss.o)
 .text.libgcc.prologue
                0x0000433c        0x0 c:/users/buechel/appdata/local/arduino15/packages/arduino/tools/avr-gcc/7.3.0-atmel3.6.1-arduino7/bin/../lib/gcc/avr/7.3.0/avr5\libgcc.a(_clear_bss.o)
 .text.libgcc.builtins
                0x0000433c        0x0 c:/users/buechel/appdata/local/arduino15/packages/arduino/tools/avr-gcc/7.3.0-atmel3.6.1-arduino7/bin/../lib/gcc/avr/7.3.0/avr5\libgcc.a(_clear_bss.o)
 .text.libgcc.fmul
                0x0000433c        0x0 c:/users/buechel/appdata/local/arduino15/packages/arduino/tools/avr-gcc/7.3.0-atmel3.6.1-arduino7/bin/../lib/gcc/avr/7.3.0/avr5\libgcc.a(_clear_bss.o)
 .text.libgcc.fixed
                0x0000433c        0x0 c:/users/buechel/appdata/local/arduino15/packages/arduino/tools/avr-gcc/7.3.0-atmel3.6.1-arduino7/bin/../lib/gcc/avr/7.3.0/avr5\libgcc.a(_clear_bss.o)
 .text.libgcc.mul
                0x0000433c       0x16 c:/users/buechel/appdata/local/arduino15/packages/arduino/tools/avr-gcc/7.3.0-atmel3.6.1-arduino7/bin/../lib/gcc/avr/7.3.0/avr5\libgcc.a(_muluhisi3.o)
                0x0000433c                __muluhisi3
 .text.libgcc.div
                0x00004352        0x0 c:/users/buechel/appdata/local/arduino15/packages/arduino/tools/avr-gcc/7.3.0-atmel3.6.1-arduino7/bin/../lib/gcc/avr/7.3.0/avr5\libgcc.a(_muluhisi3.o)
 .text.libgcc   0x00004352        0x0 c:/users/buechel/appdata/local/arduino15/packages/arduino/tools/avr-gcc/7.3.0-atmel3.6.1-arduino7/bin/../lib/gcc/avr/7.3.0/avr5\libgcc.a(_muluhisi3.o)
 .text.libgcc.prologue
                0x00004352        0x0 c:/users/buechel/appdata/local/arduino15/packages/arduino/tools/avr-gcc/7.3.0-atmel3.6.1-arduino7/bin/../lib/gcc/avr/7.3.0/avr5\libgcc.a(_muluhisi3.o)
 .text.libgcc.builtins
                0x00004352        0x0 c:/users/buechel/appdata/local/arduino15/packages/arduino/tools/avr-gcc/7.3.0-atmel3.6.1-arduino7/bin/../lib/gcc/avr/7.3.0/avr5\libgcc.a(_muluhisi3.o)
 .text.libgcc.fmul
                0x00004352        0x0 c:/users/buechel/appdata/local/arduino15/packages/arduino/tools/avr-gcc/7.3.0-atmel3.6.1-arduino7/bin/../lib/gcc/avr/7.3.0/avr5\libgcc.a(_muluhisi3.o)
 .text.libgcc.fixed
                0x00004352        0x0 c:/users/buechel/appdata/local/arduino15/packages/arduino/tools/avr-gcc/7.3.0-atmel3.6.1-arduino7/bin/../lib/gcc/avr/7.3.0/avr5\libgcc.a(_muluhisi3.o)
 .text.libgcc.mul
                0x00004352        0x0 c:/users/buechel/appdata/local/arduino15/packages/arduino/tools/avr-gcc/7.3.0-atmel3.6.1-arduino7/bin/../lib/gcc/avr/7.3.0/avr5\libgcc.a(_prologue.o)
 .text.libgcc.div
                0x00004352        0x0 c:/users/buechel/appdata/local/arduino15/packages/arduino/tools/avr-gcc/7.3.0-atmel3.6.1-arduino7/bin/../lib/gcc/avr/7.3.0/avr5\libgcc.a(_prologue.o)
 .text.libgcc   0x00004352        0x0 c:/users/buechel/appdata/local/arduino15/packages/arduino/tools/avr-gcc/7.3.0-atmel3.6.1-arduino7/bin/../lib/gcc/avr/7.3.0/avr5\libgcc.a(_prologue.o)
 .text.libgcc.prologue
                0x00004352       0x38 c:/users/buechel/appdata/local/arduino15/packages/arduino/tools/avr-gcc/7.3.0-atmel3.6.1-arduino7/bin/../lib/gcc/avr/7.3.0/avr5\libgcc.a(_prologue.o)
                0x00004352                __prologue_saves__
 .text.libgcc.builtins
                0x0000438a        0x0 c:/users/buechel/appdata/local/arduino15/packages/arduino/tools/avr-gcc/7.3.0-atmel3.6.1-arduino7/bin/../lib/gcc/avr/7.3.0/avr5\libgcc.a(_prologue.o)
 .text.libgcc.fmul
                0x0000438a        0x0 c:/users/buechel/appdata/local/arduino15/packages/arduino/tools/avr-gcc/7.3.0-atmel3.6.1-arduino7/bin/../lib/gcc/avr/7.3.0/avr5\libgcc.a(_prologue.o)
 .text.libgcc.fixed
                0x0000438a        0x0 c:/users/buechel/appdata/local/arduino15/packages/arduino/tools/avr-gcc/7.3.0-atmel3.6.1-arduino7/bin/../lib/gcc/avr/7.3.0/avr5\libgcc.a(_prologue.o)
 .text.libgcc.mul
                0x0000438a        0x0 c:/users/buechel/appdata/local/arduino15/packages/arduino/tools/avr-gcc/7.3.0-atmel3.6.1-arduino7/bin/../lib/gcc/avr/7.3.0/avr5\libgcc.a(_epilogue.o)
 .text.libgcc.div
                0x0000438a        0x0 c:/users/buechel/appdata/local/arduino15/packages/arduino/tools/avr-gcc/7.3.0-atmel3.6.1-arduino7/bin/../lib/gcc/avr/7.3.0/avr5\libgcc.a(_epilogue.o)
 .text.libgcc   0x0000438a        0x0 c:/users/buechel/appdata/local/arduino15/packages/arduino/tools/avr-gcc/7.3.0-atmel3.6.1-arduino7/bin/../lib/gcc/avr/7.3.0/avr5\libgcc.a(_epilogue.o)
 .text.libgcc.prologue
                0x0000438a       0x36 c:/users/buechel/appdata/local/arduino15/packages/arduino/tools/avr-gcc/7.3.0-atmel3.6.1-arduino7/bin/../lib/gcc/avr/7.3.0/avr5\libgcc.a(_epilogue.o)
                0x0000438a                __epilogue_restores__
 .text.libgcc.builtins
                0x000043c0        0x0 c:/users/buechel/appdata/local/arduino15/packages/arduino/tools/avr-gcc/7.3.0-atmel3.6.1-arduino7/bin/../lib/gcc/avr/7.3.0/avr5\libgcc.a(_epilogue.o)
 .text.libgcc.fmul
                0x000043c0        0x0 c:/users/buechel/appdata/local/arduino15/packages/arduino/tools/avr-gcc/7.3.0-atmel3.6.1-arduino7/bin/../lib/gcc/avr/7.3.0/avr5\libgcc.a(_epilogue.o)
 .text.libgcc.fixed
                0x000043c0        0x0 c:/users/buechel/appdata/local/arduino15/packages/arduino/tools/avr-gcc/7.3.0-atmel3.6.1-arduino7/bin/../lib/gcc/avr/7.3.0/avr5\libgcc.a(_epilogue.o)
 .text.libgcc.mul
                0x000043c0       0x1e c:/users/buechel/appdata/local/arduino15/packages/arduino/tools/avr-gcc/7.3.0-atmel3.6.1-arduino7/bin/../lib/gcc/avr/7.3.0/avr5\libgcc.a(_umulhisi3.o)
                0x000043c0                __umulhisi3
 .text.libgcc.div
                0x000043de        0x0 c:/users/buechel/appdata/local/arduino15/packages/arduino/tools/avr-gcc/7.3.0-atmel3.6.1-arduino7/bin/../lib/gcc/avr/7.3.0/avr5\libgcc.a(_umulhisi3.o)
 .text.libgcc   0x000043de        0x0 c:/users/buechel/appdata/local/arduino15/packages/arduino/tools/avr-gcc/7.3.0-atmel3.6.1-arduino7/bin/../lib/gcc/avr/7.3.0/avr5\libgcc.a(_umulhisi3.o)
 .text.libgcc.prologue
                0x000043de        0x0 c:/users/buechel/appdata/local/arduino15/packages/arduino/tools/avr-gcc/7.3.0-atmel3.6.1-arduino7/bin/../lib/gcc/avr/7.3.0/avr5\libgcc.a(_umulhisi3.o)
 .text.libgcc.builtins
                0x000043de        0x0 c:/users/buechel/appdata/local/arduino15/packages/arduino/tools/avr-gcc/7.3.0-atmel3.6.1-arduino7/bin/../lib/gcc/avr/7.3.0/avr5\libgcc.a(_umulhisi3.o)
 .text.libgcc.fmul
                0x000043de        0x0 c:/users/buechel/appdata/local/arduino15/packages/arduino/tools/avr-gcc/7.3.0-atmel3.6.1-arduino7/bin/../lib/gcc/avr/7.3.0/avr5\libgcc.a(_umulhisi3.o)
 .text.libgcc.fixed
                0x000043de        0x0 c:/users/buechel/appdata/local/arduino15/packages/arduino/tools/avr-gcc/7.3.0-atmel3.6.1-arduino7/bin/../lib/gcc/avr/7.3.0/avr5\libgcc.a(_umulhisi3.o)
 .text.avr-libc.fplib
                0x000043de        0xe c:/users/buechel/appdata/local/arduino15/packages/arduino/tools/avr-gcc/7.3.0-atmel3.6.1-arduino7/bin/../lib/gcc/avr/7.3.0/../../../../avr/lib/avr5\libm.a(addsf3.o)
                0x000043de                __subsf3
                0x000043e0                __addsf3
 .text.avr-libc.fplib
                0x000043ec       0xcc c:/users/buechel/appdata/local/arduino15/packages/arduino/tools/avr-gcc/7.3.0-atmel3.6.1-arduino7/bin/../lib/gcc/avr/7.3.0/../../../../avr/lib/avr5\libm.a(addsf3x.o)
                0x0000440e                __addsf3x
 .text.avr-libc.fplib
                0x000044b8        0x8 c:/users/buechel/appdata/local/arduino15/packages/arduino/tools/avr-gcc/7.3.0-atmel3.6.1-arduino7/bin/../lib/gcc/avr/7.3.0/../../../../avr/lib/avr5\libm.a(divsf3.o)
                0x000044b8                __divsf3
 .text.avr-libc.fplib
                0x000044c0       0xdc c:/users/buechel/appdata/local/arduino15/packages/arduino/tools/avr-gcc/7.3.0-atmel3.6.1-arduino7/bin/../lib/gcc/avr/7.3.0/../../../../avr/lib/avr5\libm.a(divsf3x.o)
                0x000044e0                __divsf3x
                0x000044e6                __divsf3_pse
 .text.avr-libc.fplib
                0x0000459c        0xe c:/users/buechel/appdata/local/arduino15/packages/arduino/tools/avr-gcc/7.3.0-atmel3.6.1-arduino7/bin/../lib/gcc/avr/7.3.0/../../../../avr/lib/avr5\libm.a(fixsfsi.o)
                0x0000459c                __fixsfsi
 .text.avr-libc.fplib
                0x000045aa       0x5e c:/users/buechel/appdata/local/arduino15/packages/arduino/tools/avr-gcc/7.3.0-atmel3.6.1-arduino7/bin/../lib/gcc/avr/7.3.0/../../../../avr/lib/avr5\libm.a(fixunssfsi.o)
                0x000045aa                __fixunssfsi
 .text.libgcc.mul
                0x00004608        0x0 c:/users/buechel/appdata/local/arduino15/packages/arduino/tools/avr-gcc/7.3.0-atmel3.6.1-arduino7/bin/../lib/gcc/avr/7.3.0/avr5\libgcc.a(_udivmodsi4.o)
 .text.libgcc.div
                0x00004608       0x44 c:/users/buechel/appdata/local/arduino15/packages/arduino/tools/avr-gcc/7.3.0-atmel3.6.1-arduino7/bin/../lib/gcc/avr/7.3.0/avr5\libgcc.a(_udivmodsi4.o)
                0x00004608                __udivmodsi4
 .text.libgcc   0x0000464c        0x0 c:/users/buechel/appdata/local/arduino15/packages/arduino/tools/avr-gcc/7.3.0-atmel3.6.1-arduino7/bin/../lib/gcc/avr/7.3.0/avr5\libgcc.a(_udivmodsi4.o)
 .text.libgcc.prologue
                0x0000464c        0x0 c:/users/buechel/appdata/local/arduino15/packages/arduino/tools/avr-gcc/7.3.0-atmel3.6.1-arduino7/bin/../lib/gcc/avr/7.3.0/avr5\libgcc.a(_udivmodsi4.o)
 .text.libgcc.builtins
                0x0000464c        0x0 c:/users/buechel/appdata/local/arduino15/packages/arduino/tools/avr-gcc/7.3.0-atmel3.6.1-arduino7/bin/../lib/gcc/avr/7.3.0/avr5\libgcc.a(_udivmodsi4.o)
 .text.libgcc.fmul
                0x0000464c        0x0 c:/users/buechel/appdata/local/arduino15/packages/arduino/tools/avr-gcc/7.3.0-atmel3.6.1-arduino7/bin/../lib/gcc/avr/7.3.0/avr5\libgcc.a(_udivmodsi4.o)
 .text.libgcc.fixed
                0x0000464c        0x0 c:/users/buechel/appdata/local/arduino15/packages/arduino/tools/avr-gcc/7.3.0-atmel3.6.1-arduino7/bin/../lib/gcc/avr/7.3.0/avr5\libgcc.a(_udivmodsi4.o)
 .text.libgcc.mul
                0x0000464c        0x0 c:/users/buechel/appdata/local/arduino15/packages/arduino/tools/avr-gcc/7.3.0-atmel3.6.1-arduino7/bin/../lib/gcc/avr/7.3.0/avr5\libgcc.a(_divmodsi4.o)
 .text.libgcc.div
                0x0000464c       0x2e c:/users/buechel/appdata/local/arduino15/packages/arduino/tools/avr-gcc/7.3.0-atmel3.6.1-arduino7/bin/../lib/gcc/avr/7.3.0/avr5\libgcc.a(_divmodsi4.o)
                0x0000464c                __divmodsi4
 .text.libgcc   0x0000467a        0x0 c:/users/buechel/appdata/local/arduino15/packages/arduino/tools/avr-gcc/7.3.0-atmel3.6.1-arduino7/bin/../lib/gcc/avr/7.3.0/avr5\libgcc.a(_divmodsi4.o)
 .text.libgcc.prologue
                0x0000467a        0x0 c:/users/buechel/appdata/local/arduino15/packages/arduino/tools/avr-gcc/7.3.0-atmel3.6.1-arduino7/bin/../lib/gcc/avr/7.3.0/avr5\libgcc.a(_divmodsi4.o)
 .text.libgcc.builtins
                0x0000467a        0x0 c:/users/buechel/appdata/local/arduino15/packages/arduino/tools/avr-gcc/7.3.0-atmel3.6.1-arduino7/bin/../lib/gcc/avr/7.3.0/avr5\libgcc.a(_divmodsi4.o)
 .text.libgcc.fmul
                0x0000467a        0x0 c:/users/buechel/appdata/local/arduino15/packages/arduino/tools/avr-gcc/7.3.0-atmel3.6.1-arduino7/bin/../lib/gcc/avr/7.3.0/avr5\libgcc.a(_divmodsi4.o)
 .text.libgcc.fixed
                0x0000467a        0x0 c:/users/buechel/appdata/local/arduino15/packages/arduino/tools/avr-gcc/7.3.0-atmel3.6.1-arduino7/bin/../lib/gcc/avr/7.3.0/avr5\libgcc.a(_divmodsi4.o)
 .text.libgcc.mul
                0x0000467a        0x0 c:/users/buechel/appdata/local/arduino15/packages/arduino/tools/avr-gcc/7.3.0-atmel3.6.1-arduino7/bin/../lib/gcc/avr/7.3.0/avr5\libgcc.a(_negsi2.o)
 .text.libgcc.div
                0x0000467a       0x10 c:/users/buechel/appdata/local/arduino15/packages/arduino/tools/avr-gcc/7.3.0-atmel3.6.1-arduino7/bin/../lib/gcc/avr/7.3.0/avr5\libgcc.a(_negsi2.o)
                0x0000467a                __negsi2
 .text.libgcc   0x0000468a        0x0 c:/users/buechel/appdata/local/arduino15/packages/arduino/tools/avr-gcc/7.3.0-atmel3.6.1-arduino7/bin/../lib/gcc/avr/7.3.0/avr5\libgcc.a(_negsi2.o)
 .text.libgcc.prologue
                0x0000468a        0x0 c:/users/buechel/appdata/local/arduino15/packages/arduino/tools/avr-gcc/7.3.0-atmel3.6.1-arduino7/bin/../lib/gcc/avr/7.3.0/avr5\libgcc.a(_negsi2.o)
 .text.libgcc.builtins
                0x0000468a        0x0 c:/users/buechel/appdata/local/arduino15/packages/arduino/tools/avr-gcc/7.3.0-atmel3.6.1-arduino7/bin/../lib/gcc/avr/7.3.0/avr5\libgcc.a(_negsi2.o)
 .text.libgcc.fmul
                0x0000468a        0x0 c:/users/buechel/appdata/local/arduino15/packages/arduino/tools/avr-gcc/7.3.0-atmel3.6.1-arduino7/bin/../lib/gcc/avr/7.3.0/avr5\libgcc.a(_negsi2.o)
 .text.libgcc.fixed
                0x0000468a        0x0 c:/users/buechel/appdata/local/arduino15/packages/arduino/tools/avr-gcc/7.3.0-atmel3.6.1-arduino7/bin/../lib/gcc/avr/7.3.0/avr5\libgcc.a(_negsi2.o)
 .text.libgcc.mul
                0x0000468a        0x0 c:/users/buechel/appdata/local/arduino15/packages/arduino/tools/avr-gcc/7.3.0-atmel3.6.1-arduino7/bin/../lib/gcc/avr/7.3.0/avr5\libgcc.a(_ctors.o)
 .text.libgcc.div
                0x0000468a        0x0 c:/users/buechel/appdata/local/arduino15/packages/arduino/tools/avr-gcc/7.3.0-atmel3.6.1-arduino7/bin/../lib/gcc/avr/7.3.0/avr5\libgcc.a(_ctors.o)
 .text.libgcc   0x0000468a        0x0 c:/users/buechel/appdata/local/arduino15/packages/arduino/tools/avr-gcc/7.3.0-atmel3.6.1-arduino7/bin/../lib/gcc/avr/7.3.0/avr5\libgcc.a(_ctors.o)
 .text.libgcc.prologue
                0x0000468a        0x0 c:/users/buechel/appdata/local/arduino15/packages/arduino/tools/avr-gcc/7.3.0-atmel3.6.1-arduino7/bin/../lib/gcc/avr/7.3.0/avr5\libgcc.a(_ctors.o)
 .text.libgcc.builtins
                0x0000468a        0x0 c:/users/buechel/appdata/local/arduino15/packages/arduino/tools/avr-gcc/7.3.0-atmel3.6.1-arduino7/bin/../lib/gcc/avr/7.3.0/avr5\libgcc.a(_ctors.o)
 .text.libgcc.fmul
                0x0000468a        0x0 c:/users/buechel/appdata/local/arduino15/packages/arduino/tools/avr-gcc/7.3.0-atmel3.6.1-arduino7/bin/../lib/gcc/avr/7.3.0/avr5\libgcc.a(_ctors.o)
 .text.libgcc.fixed
                0x0000468a        0x0 c:/users/buechel/appdata/local/arduino15/packages/arduino/tools/avr-gcc/7.3.0-atmel3.6.1-arduino7/bin/../lib/gcc/avr/7.3.0/avr5\libgcc.a(_ctors.o)
 .text.libgcc.mul
                0x0000468a        0x0 c:/users/buechel/appdata/local/arduino15/packages/arduino/tools/avr-gcc/7.3.0-atmel3.6.1-arduino7/bin/../lib/gcc/avr/7.3.0/avr5\libgcc.a(_dtors.o)
 .text.libgcc.div
                0x0000468a        0x0 c:/users/buechel/appdata/local/arduino15/packages/arduino/tools/avr-gcc/7.3.0-atmel3.6.1-arduino7/bin/../lib/gcc/avr/7.3.0/avr5\libgcc.a(_dtors.o)
 .text.libgcc   0x0000468a        0x0 c:/users/buechel/appdata/local/arduino15/packages/arduino/tools/avr-gcc/7.3.0-atmel3.6.1-arduino7/bin/../lib/gcc/avr/7.3.0/avr5\libgcc.a(_dtors.o)
 .text.libgcc.prologue
                0x0000468a        0x0 c:/users/buechel/appdata/local/arduino15/packages/arduino/tools/avr-gcc/7.3.0-atmel3.6.1-arduino7/bin/../lib/gcc/avr/7.3.0/avr5\libgcc.a(_dtors.o)
 .text.libgcc.builtins
                0x0000468a        0x0 c:/users/buechel/appdata/local/arduino15/packages/arduino/tools/avr-gcc/7.3.0-atmel3.6.1-arduino7/bin/../lib/gcc/avr/7.3.0/avr5\libgcc.a(_dtors.o)
 .text.libgcc.fmul
                0x0000468a        0x0 c:/users/buechel/appdata/local/arduino15/packages/arduino/tools/avr-gcc/7.3.0-atmel3.6.1-arduino7/bin/../lib/gcc/avr/7.3.0/avr5\libgcc.a(_dtors.o)
 .text.libgcc.fixed
                0x0000468a        0x0 c:/users/buechel/appdata/local/arduino15/packages/arduino/tools/avr-gcc/7.3.0-atmel3.6.1-arduino7/bin/../lib/gcc/avr/7.3.0/avr5\libgcc.a(_dtors.o)
 .text.libgcc.mul
                0x0000468a       0x1e c:/users/buechel/appdata/local/arduino15/packages/arduino/tools/avr-gcc/7.3.0-atmel3.6.1-arduino7/bin/../lib/gcc/avr/7.3.0/avr5\libgcc.a(_mulsidi3.o)
                0x0000468a                __mulsidi3
 .text.libgcc.div
                0x000046a8        0x0 c:/users/buechel/appdata/local/arduino15/packages/arduino/tools/avr-gcc/7.3.0-atmel3.6.1-arduino7/bin/../lib/gcc/avr/7.3.0/avr5\libgcc.a(_mulsidi3.o)
 .text.libgcc   0x000046a8        0x0 c:/users/buechel/appdata/local/arduino15/packages/arduino/tools/avr-gcc/7.3.0-atmel3.6.1-arduino7/bin/../lib/gcc/avr/7.3.0/avr5\libgcc.a(_mulsidi3.o)
 .text.libgcc.prologue
                0x000046a8        0x0 c:/users/buechel/appdata/local/arduino15/packages/arduino/tools/avr-gcc/7.3.0-atmel3.6.1-arduino7/bin/../lib/gcc/avr/7.3.0/avr5\libgcc.a(_mulsidi3.o)
 .text.libgcc.builtins
                0x000046a8        0x0 c:/users/buechel/appdata/local/arduino15/packages/arduino/tools/avr-gcc/7.3.0-atmel3.6.1-arduino7/bin/../lib/gcc/avr/7.3.0/avr5\libgcc.a(_mulsidi3.o)
 .text.libgcc.fmul
                0x000046a8        0x0 c:/users/buechel/appdata/local/arduino15/packages/arduino/tools/avr-gcc/7.3.0-atmel3.6.1-arduino7/bin/../lib/gcc/avr/7.3.0/avr5\libgcc.a(_mulsidi3.o)
 .text.libgcc.fixed
                0x000046a8        0x0 c:/users/buechel/appdata/local/arduino15/packages/arduino/tools/avr-gcc/7.3.0-atmel3.6.1-arduino7/bin/../lib/gcc/avr/7.3.0/avr5\libgcc.a(_mulsidi3.o)
 .text.libgcc.mul
                0x000046a8       0x56 c:/users/buechel/appdata/local/arduino15/packages/arduino/tools/avr-gcc/7.3.0-atmel3.6.1-arduino7/bin/../lib/gcc/avr/7.3.0/avr5\libgcc.a(_umulsidi3.o)
                0x000046a8                __umulsidi3
                0x000046aa                __umulsidi3_helper
 .text.libgcc.div
                0x000046fe        0x0 c:/users/buechel/appdata/local/arduino15/packages/arduino/tools/avr-gcc/7.3.0-atmel3.6.1-arduino7/bin/../lib/gcc/avr/7.3.0/avr5\libgcc.a(_umulsidi3.o)
 .text.libgcc   0x000046fe        0x0 c:/users/buechel/appdata/local/arduino15/packages/arduino/tools/avr-gcc/7.3.0-atmel3.6.1-arduino7/bin/../lib/gcc/avr/7.3.0/avr5\libgcc.a(_umulsidi3.o)
 .text.libgcc.prologue
                0x000046fe        0x0 c:/users/buechel/appdata/local/arduino15/packages/arduino/tools/avr-gcc/7.3.0-atmel3.6.1-arduino7/bin/../lib/gcc/avr/7.3.0/avr5\libgcc.a(_umulsidi3.o)
 .text.libgcc.builtins
                0x000046fe        0x0 c:/users/buechel/appdata/local/arduino15/packages/arduino/tools/avr-gcc/7.3.0-atmel3.6.1-arduino7/bin/../lib/gcc/avr/7.3.0/avr5\libgcc.a(_umulsidi3.o)
 .text.libgcc.fmul
                0x000046fe        0x0 c:/users/buechel/appdata/local/arduino15/packages/arduino/tools/avr-gcc/7.3.0-atmel3.6.1-arduino7/bin/../lib/gcc/avr/7.3.0/avr5\libgcc.a(_umulsidi3.o)
 .text.libgcc.fixed
                0x000046fe        0x0 c:/users/buechel/appdata/local/arduino15/packages/arduino/tools/avr-gcc/7.3.0-atmel3.6.1-arduino7/bin/../lib/gcc/avr/7.3.0/avr5\libgcc.a(_umulsidi3.o)
 .text.libgcc.mul
                0x000046fe        0x0 c:/users/buechel/appdata/local/arduino15/packages/arduino/tools/avr-gcc/7.3.0-atmel3.6.1-arduino7/bin/../lib/gcc/avr/7.3.0/avr5\libgcc.a(_divdi3.o)
 .text.libgcc.div
                0x000046fe       0x62 c:/users/buechel/appdata/local/arduino15/packages/arduino/tools/avr-gcc/7.3.0-atmel3.6.1-arduino7/bin/../lib/gcc/avr/7.3.0/avr5\libgcc.a(_divdi3.o)
                0x000046fe                __moddi3
                0x00004702                __divdi3
                0x00004704                __divdi3_moddi3
 .text.libgcc   0x00004760        0x0 c:/users/buechel/appdata/local/arduino15/packages/arduino/tools/avr-gcc/7.3.0-atmel3.6.1-arduino7/bin/../lib/gcc/avr/7.3.0/avr5\libgcc.a(_divdi3.o)
 .text.libgcc.prologue
                0x00004760        0x0 c:/users/buechel/appdata/local/arduino15/packages/arduino/tools/avr-gcc/7.3.0-atmel3.6.1-arduino7/bin/../lib/gcc/avr/7.3.0/avr5\libgcc.a(_divdi3.o)
 .text.libgcc.builtins
                0x00004760        0x0 c:/users/buechel/appdata/local/arduino15/packages/arduino/tools/avr-gcc/7.3.0-atmel3.6.1-arduino7/bin/../lib/gcc/avr/7.3.0/avr5\libgcc.a(_divdi3.o)
 .text.libgcc.fmul
                0x00004760        0x0 c:/users/buechel/appdata/local/arduino15/packages/arduino/tools/avr-gcc/7.3.0-atmel3.6.1-arduino7/bin/../lib/gcc/avr/7.3.0/avr5\libgcc.a(_divdi3.o)
 .text.libgcc.fixed
                0x00004760        0x0 c:/users/buechel/appdata/local/arduino15/packages/arduino/tools/avr-gcc/7.3.0-atmel3.6.1-arduino7/bin/../lib/gcc/avr/7.3.0/avr5\libgcc.a(_divdi3.o)
 .text.libgcc.mul
                0x00004760        0x0 c:/users/buechel/appdata/local/arduino15/packages/arduino/tools/avr-gcc/7.3.0-atmel3.6.1-arduino7/bin/../lib/gcc/avr/7.3.0/avr5\libgcc.a(_udivdi3.o)
 .text.libgcc.div
                0x00004760       0x1c c:/users/buechel/appdata/local/arduino15/packages/arduino/tools/avr-gcc/7.3.0-atmel3.6.1-arduino7/bin/../lib/gcc/avr/7.3.0/avr5\libgcc.a(_udivdi3.o)
                0x00004760                __umoddi3
                0x00004764                __udivdi3
                0x00004766                __udivdi3_umoddi3
 .text.libgcc   0x0000477c        0x0 c:/users/buechel/appdata/local/arduino15/packages/arduino/tools/avr-gcc/7.3.0-atmel3.6.1-arduino7/bin/../lib/gcc/avr/7.3.0/avr5\libgcc.a(_udivdi3.o)
 .text.libgcc.prologue
                0x0000477c        0x0 c:/users/buechel/appdata/local/arduino15/packages/arduino/tools/avr-gcc/7.3.0-atmel3.6.1-arduino7/bin/../lib/gcc/avr/7.3.0/avr5\libgcc.a(_udivdi3.o)
 .text.libgcc.builtins
                0x0000477c        0x0 c:/users/buechel/appdata/local/arduino15/packages/arduino/tools/avr-gcc/7.3.0-atmel3.6.1-arduino7/bin/../lib/gcc/avr/7.3.0/avr5\libgcc.a(_udivdi3.o)
 .text.libgcc.fmul
                0x0000477c        0x0 c:/users/buechel/appdata/local/arduino15/packages/arduino/tools/avr-gcc/7.3.0-atmel3.6.1-arduino7/bin/../lib/gcc/avr/7.3.0/avr5\libgcc.a(_udivdi3.o)
 .text.libgcc.fixed
                0x0000477c        0x0 c:/users/buechel/appdata/local/arduino15/packages/arduino/tools/avr-gcc/7.3.0-atmel3.6.1-arduino7/bin/../lib/gcc/avr/7.3.0/avr5\libgcc.a(_udivdi3.o)
 .text.libgcc.mul
                0x0000477c        0x0 c:/users/buechel/appdata/local/arduino15/packages/arduino/tools/avr-gcc/7.3.0-atmel3.6.1-arduino7/bin/../lib/gcc/avr/7.3.0/avr5\libgcc.a(_udivmod64.o)
 .text.libgcc.div
                0x0000477c       0xa2 c:/users/buechel/appdata/local/arduino15/packages/arduino/tools/avr-gcc/7.3.0-atmel3.6.1-arduino7/bin/../lib/gcc/avr/7.3.0/avr5\libgcc.a(_udivmod64.o)
                0x0000477c                __udivmod64
 .text.libgcc   0x0000481e        0x0 c:/users/buechel/appdata/local/arduino15/packages/arduino/tools/avr-gcc/7.3.0-atmel3.6.1-arduino7/bin/../lib/gcc/avr/7.3.0/avr5\libgcc.a(_udivmod64.o)
 .text.libgcc.prologue
                0x0000481e        0x0 c:/users/buechel/appdata/local/arduino15/packages/arduino/tools/avr-gcc/7.3.0-atmel3.6.1-arduino7/bin/../lib/gcc/avr/7.3.0/avr5\libgcc.a(_udivmod64.o)
 .text.libgcc.builtins
                0x0000481e        0x0 c:/users/buechel/appdata/local/arduino15/packages/arduino/tools/avr-gcc/7.3.0-atmel3.6.1-arduino7/bin/../lib/gcc/avr/7.3.0/avr5\libgcc.a(_udivmod64.o)
 .text.libgcc.fmul
                0x0000481e        0x0 c:/users/buechel/appdata/local/arduino15/packages/arduino/tools/avr-gcc/7.3.0-atmel3.6.1-arduino7/bin/../lib/gcc/avr/7.3.0/avr5\libgcc.a(_udivmod64.o)
 .text.libgcc.fixed
                0x0000481e        0x0 c:/users/buechel/appdata/local/arduino15/packages/arduino/tools/avr-gcc/7.3.0-atmel3.6.1-arduino7/bin/../lib/gcc/avr/7.3.0/avr5\libgcc.a(_udivmod64.o)
 .text.libgcc.mul
                0x0000481e        0x0 c:/users/buechel/appdata/local/arduino15/packages/arduino/tools/avr-gcc/7.3.0-atmel3.6.1-arduino7/bin/../lib/gcc/avr/7.3.0/avr5\libgcc.a(_negdi2.o)
 .text.libgcc.div
                0x0000481e        0x0 c:/users/buechel/appdata/local/arduino15/packages/arduino/tools/avr-gcc/7.3.0-atmel3.6.1-arduino7/bin/../lib/gcc/avr/7.3.0/avr5\libgcc.a(_negdi2.o)
 .text.libgcc   0x0000481e       0x20 c:/users/buechel/appdata/local/arduino15/packages/arduino/tools/avr-gcc/7.3.0-atmel3.6.1-arduino7/bin/../lib/gcc/avr/7.3.0/avr5\libgcc.a(_negdi2.o)
                0x0000481e                __negdi2
 .text.libgcc.prologue
                0x0000483e        0x0 c:/users/buechel/appdata/local/arduino15/packages/arduino/tools/avr-gcc/7.3.0-atmel3.6.1-arduino7/bin/../lib/gcc/avr/7.3.0/avr5\libgcc.a(_negdi2.o)
 .text.libgcc.builtins
                0x0000483e        0x0 c:/users/buechel/appdata/local/arduino15/packages/arduino/tools/avr-gcc/7.3.0-atmel3.6.1-arduino7/bin/../lib/gcc/avr/7.3.0/avr5\libgcc.a(_negdi2.o)
 .text.libgcc.fmul
                0x0000483e        0x0 c:/users/buechel/appdata/local/arduino15/packages/arduino/tools/avr-gcc/7.3.0-atmel3.6.1-arduino7/bin/../lib/gcc/avr/7.3.0/avr5\libgcc.a(_negdi2.o)
 .text.libgcc.fixed
                0x0000483e        0x0 c:/users/buechel/appdata/local/arduino15/packages/arduino/tools/avr-gcc/7.3.0-atmel3.6.1-arduino7/bin/../lib/gcc/avr/7.3.0/avr5\libgcc.a(_negdi2.o)
 .text.libgcc.mul
                0x0000483e        0x0 c:/users/buechel/appdata/local/arduino15/packages/arduino/tools/avr-gcc/7.3.0-atmel3.6.1-arduino7/bin/../lib/gcc/avr/7.3.0/avr5\libgcc.a(_tablejump2.o)
 .text.libgcc.div
                0x0000483e        0x0 c:/users/buechel/appdata/local/arduino15/packages/arduino/tools/avr-gcc/7.3.0-atmel3.6.1-arduino7/bin/../lib/gcc/avr/7.3.0/avr5\libgcc.a(_tablejump2.o)
 .text.libgcc   0x0000483e        0xc c:/users/buechel/appdata/local/arduino15/packages/arduino/tools/avr-gcc/7.3.0-atmel3.6.1-arduino7/bin/../lib/gcc/avr/7.3.0/avr5\libgcc.a(_tablejump2.o)
                0x0000483e                __tablejump2__
 .text.libgcc.prologue
                0x0000484a        0x0 c:/users/buechel/appdata/local/arduino15/packages/arduino/tools/avr-gcc/7.3.0-atmel3.6.1-arduino7/bin/../lib/gcc/avr/7.3.0/avr5\libgcc.a(_tablejump2.o)
 .text.libgcc.builtins
                0x0000484a        0x0 c:/users/buechel/appdata/local/arduino15/packages/arduino/tools/avr-gcc/7.3.0-atmel3.6.1-arduino7/bin/../lib/gcc/avr/7.3.0/avr5\libgcc.a(_tablejump2.o)
 .text.libgcc.fmul
                0x0000484a        0x0 c:/users/buechel/appdata/local/arduino15/packages/arduino/tools/avr-gcc/7.3.0-atmel3.6.1-arduino7/bin/../lib/gcc/avr/7.3.0/avr5\libgcc.a(_tablejump2.o)
 .text.libgcc.fixed
                0x0000484a        0x0 c:/users/buechel/appdata/local/arduino15/packages/arduino/tools/avr-gcc/7.3.0-atmel3.6.1-arduino7/bin/../lib/gcc/avr/7.3.0/avr5\libgcc.a(_tablejump2.o)
 .text.libgcc.mul
                0x0000484a       0x12 c:/users/buechel/appdata/local/arduino15/packages/arduino/tools/avr-gcc/7.3.0-atmel3.6.1-arduino7/bin/../lib/gcc/avr/7.3.0/avr5\libgcc.a(_muldi3_6.o)
                0x0000484a                __muldi3_6
 .text.libgcc.div
                0x0000485c        0x0 c:/users/buechel/appdata/local/arduino15/packages/arduino/tools/avr-gcc/7.3.0-atmel3.6.1-arduino7/bin/../lib/gcc/avr/7.3.0/avr5\libgcc.a(_muldi3_6.o)
 .text.libgcc   0x0000485c        0x0 c:/users/buechel/appdata/local/arduino15/packages/arduino/tools/avr-gcc/7.3.0-atmel3.6.1-arduino7/bin/../lib/gcc/avr/7.3.0/avr5\libgcc.a(_muldi3_6.o)
 .text.libgcc.prologue
                0x0000485c        0x0 c:/users/buechel/appdata/local/arduino15/packages/arduino/tools/avr-gcc/7.3.0-atmel3.6.1-arduino7/bin/../lib/gcc/avr/7.3.0/avr5\libgcc.a(_muldi3_6.o)
 .text.libgcc.builtins
                0x0000485c        0x0 c:/users/buechel/appdata/local/arduino15/packages/arduino/tools/avr-gcc/7.3.0-atmel3.6.1-arduino7/bin/../lib/gcc/avr/7.3.0/avr5\libgcc.a(_muldi3_6.o)
 .text.libgcc.fmul
                0x0000485c        0x0 c:/users/buechel/appdata/local/arduino15/packages/arduino/tools/avr-gcc/7.3.0-atmel3.6.1-arduino7/bin/../lib/gcc/avr/7.3.0/avr5\libgcc.a(_muldi3_6.o)
 .text.libgcc.fixed
                0x0000485c        0x0 c:/users/buechel/appdata/local/arduino15/packages/arduino/tools/avr-gcc/7.3.0-atmel3.6.1-arduino7/bin/../lib/gcc/avr/7.3.0/avr5\libgcc.a(_muldi3_6.o)
 .text.avr-libc
                0x0000485c      0x17a c:/users/buechel/appdata/local/arduino15/packages/arduino/tools/avr-gcc/7.3.0-atmel3.6.1-arduino7/bin/../lib/gcc/avr/7.3.0/../../../../avr/lib/avr5\libc.a(realloc.o)
                0x0000485c                realloc
 .text.avr-libc
                0x000049d6       0x12 c:/users/buechel/appdata/local/arduino15/packages/arduino/tools/avr-gcc/7.3.0-atmel3.6.1-arduino7/bin/../lib/gcc/avr/7.3.0/../../../../avr/lib/avr5\libc.a(isprint.o)
                0x000049d6                isgraph
                0x000049da                isprint
 .text.avr-libc
                0x000049e8       0x10 c:/users/buechel/appdata/local/arduino15/packages/arduino/tools/avr-gcc/7.3.0-atmel3.6.1-arduino7/bin/../lib/gcc/avr/7.3.0/../../../../avr/lib/avr5\libc.a(toupper.o)
                0x000049e8                toupper
 .text.avr-libc
                0x000049f8       0x12 c:/users/buechel/appdata/local/arduino15/packages/arduino/tools/avr-gcc/7.3.0-atmel3.6.1-arduino7/bin/../lib/gcc/avr/7.3.0/../../../../avr/lib/avr5\libc.a(memcpy.o)
                0x000049f8                memcpy
 .text.avr-libc
                0x00004a0a        0xe c:/users/buechel/appdata/local/arduino15/packages/arduino/tools/avr-gcc/7.3.0-atmel3.6.1-arduino7/bin/../lib/gcc/avr/7.3.0/../../../../avr/lib/avr5\libc.a(strcpy.o)
                0x00004a0a                strcpy
 .text.avr-libc
                0x00004a18       0x1c c:/users/buechel/appdata/local/arduino15/packages/arduino/tools/avr-gcc/7.3.0-atmel3.6.1-arduino7/bin/../lib/gcc/avr/7.3.0/../../../../avr/lib/avr5\libc.a(strncmp.o)
                0x00004a18                strncmp
 .text.avr-libc
                0x00004a34       0x1e c:/users/buechel/appdata/local/arduino15/packages/arduino/tools/avr-gcc/7.3.0-atmel3.6.1-arduino7/bin/../lib/gcc/avr/7.3.0/../../../../avr/lib/avr5\libc.a(strncpy.o)
                0x00004a34                strncpy
 .text.avr-libc
                0x00004a52       0x46 c:/users/buechel/appdata/local/arduino15/packages/arduino/tools/avr-gcc/7.3.0-atmel3.6.1-arduino7/bin/../lib/gcc/avr/7.3.0/../../../../avr/lib/avr5\libc.a(sprintf.o)
                0x00004a52                sprintf
 .text.avr-libc
                0x00004a98      0x3b4 c:/users/buechel/appdata/local/arduino15/packages/arduino/tools/avr-gcc/7.3.0-atmel3.6.1-arduino7/bin/../lib/gcc/avr/7.3.0/../../../../avr/lib/avr5\libc.a(vfprintf_std.o)
                0x00004a98                vfprintf
 .text.avr-libc
                0x00004e4c       0x16 c:/users/buechel/appdata/local/arduino15/packages/arduino/tools/avr-gcc/7.3.0-atmel3.6.1-arduino7/bin/../lib/gcc/avr/7.3.0/../../../../avr/lib/avr5\libc.a(strnlen_P.o)
                0x00004e4c                strnlen_P
 .text.avr-libc
                0x00004e62       0x16 c:/users/buechel/appdata/local/arduino15/packages/arduino/tools/avr-gcc/7.3.0-atmel3.6.1-arduino7/bin/../lib/gcc/avr/7.3.0/../../../../avr/lib/avr5\libc.a(strnlen.o)
                0x00004e62                strnlen
 .text.avr-libc
                0x00004e78       0x60 c:/users/buechel/appdata/local/arduino15/packages/arduino/tools/avr-gcc/7.3.0-atmel3.6.1-arduino7/bin/../lib/gcc/avr/7.3.0/../../../../avr/lib/avr5\libc.a(fputc.o)
                0x00004e78                fputc
 .text.avr-libc
                0x00004ed8       0xbc c:/users/buechel/appdata/local/arduino15/packages/arduino/tools/avr-gcc/7.3.0-atmel3.6.1-arduino7/bin/../lib/gcc/avr/7.3.0/../../../../avr/lib/avr5\libc.a(ultoa_invert.o)
                0x00004ed8                __ultoa_invert
                0x00004f94                . = ALIGN (0x2)
 *(.fini9)
 .fini9         0x00004f94        0x0 c:/users/buechel/appdata/local/arduino15/packages/arduino/tools/avr-gcc/7.3.0-atmel3.6.1-arduino7/bin/../lib/gcc/avr/7.3.0/avr5\libgcc.a(_exit.o)
                0x00004f94                _exit
                0x00004f94                exit
 *(.fini9)
 *(.fini8)
 *(.fini8)
 *(.fini7)
 *(.fini7)
 *(.fini6)
 .fini6         0x00004f94       0x16 c:/users/buechel/appdata/local/arduino15/packages/arduino/tools/avr-gcc/7.3.0-atmel3.6.1-arduino7/bin/../lib/gcc/avr/7.3.0/avr5\libgcc.a(_dtors.o)
                0x00004f94                __do_global_dtors
 *(.fini6)
 *(.fini5)
 *(.fini5)
 *(.fini4)
 *(.fini4)
 *(.fini3)
 *(.fini3)
 *(.fini2)
 *(.fini2)
 *(.fini1)
 *(.fini1)
 *(.fini0)
 .fini0         0x00004faa        0x4 c:/users/buechel/appdata/local/arduino15/packages/arduino/tools/avr-gcc/7.3.0-atmel3.6.1-arduino7/bin/../lib/gcc/avr/7.3.0/avr5\libgcc.a(_exit.o)
 *(.fini0)
                0x00004fae                _etext = .

.data           0x00800100      0x292 load address 0x00004fae
                0x00800100                PROVIDE (__data_start, .)
 *(.data)
 .data          0x00800100        0x0 c:/users/buechel/appdata/local/arduino15/packages/arduino/tools/avr-gcc/7.3.0-atmel3.6.1-arduino7/bin/../lib/gcc/avr/7.3.0/../../../../avr/lib/avr5/crtatmega32u4.o
 .data          0x00800100        0xc C:\Users\buechel\AppData\Local\Temp\cc7ZBATz.ltrans0.ltrans.o
 .data          0x0080010c        0x0 c:/users/buechel/appdata/local/arduino15/packages/arduino/tools/avr-gcc/7.3.0-atmel3.6.1-arduino7/bin/../lib/gcc/avr/7.3.0/avr5\libgcc.a(_exit.o)
 .data          0x0080010c        0x0 c:/users/buechel/appdata/local/arduino15/packages/arduino/tools/avr-gcc/7.3.0-atmel3.6.1-arduino7/bin/../lib/gcc/avr/7.3.0/../../../../avr/lib/avr5\libc.a(dtostrf.o)
 .data          0x0080010c        0x6 c:/users/buechel/appdata/local/arduino15/packages/arduino/tools/avr-gcc/7.3.0-atmel3.6.1-arduino7/bin/../lib/gcc/avr/7.3.0/../../../../avr/lib/avr5\libc.a(malloc.o)
                0x0080010c                __malloc_heap_end
                0x0080010e                __malloc_heap_start
                0x00800110                __malloc_margin
 .data          0x00800112        0x0 c:/users/buechel/appdata/local/arduino15/packages/arduino/tools/avr-gcc/7.3.0-atmel3.6.1-arduino7/bin/../lib/gcc/avr/7.3.0/../../../../avr/lib/avr5\libc.a(atof.o)
 .data          0x00800112        0x0 c:/users/buechel/appdata/local/arduino15/packages/arduino/tools/avr-gcc/7.3.0-atmel3.6.1-arduino7/bin/../lib/gcc/avr/7.3.0/../../../../avr/lib/avr5\libc.a(atoi.o)
 .data          0x00800112        0x0 c:/users/buechel/appdata/local/arduino15/packages/arduino/tools/avr-gcc/7.3.0-atmel3.6.1-arduino7/bin/../lib/gcc/avr/7.3.0/../../../../avr/lib/avr5\libc.a(atol.o)
 .data          0x00800112        0x0 c:/users/buechel/appdata/local/arduino15/packages/arduino/tools/avr-gcc/7.3.0-atmel3.6.1-arduino7/bin/../lib/gcc/avr/7.3.0/../../../../avr/lib/avr5\libc.a(strcpy_P.o)
 .data          0x00800112        0x0 c:/users/buechel/appdata/local/arduino15/packages/arduino/tools/avr-gcc/7.3.0-atmel3.6.1-arduino7/bin/../lib/gcc/avr/7.3.0/../../../../avr/lib/avr5\libc.a(strlen_P.o)
 .data          0x00800112        0x0 c:/users/buechel/appdata/local/arduino15/packages/arduino/tools/avr-gcc/7.3.0-atmel3.6.1-arduino7/bin/../lib/gcc/avr/7.3.0/../../../../avr/lib/avr5\libc.a(strtok_r.o)
 .data          0x00800112        0x0 c:/users/buechel/appdata/local/arduino15/packages/arduino/tools/avr-gcc/7.3.0-atmel3.6.1-arduino7/bin/../lib/gcc/avr/7.3.0/../../../../avr/lib/avr5\libc.a(itoa.o)
 .data          0x00800112        0x0 c:/users/buechel/appdata/local/arduino15/packages/arduino/tools/avr-gcc/7.3.0-atmel3.6.1-arduino7/bin/../lib/gcc/avr/7.3.0/../../../../avr/lib/avr5\libc.a(itoa_ncheck.o)
 .data          0x00800112        0x0 c:/users/buechel/appdata/local/arduino15/packages/arduino/tools/avr-gcc/7.3.0-atmel3.6.1-arduino7/bin/../lib/gcc/avr/7.3.0/../../../../avr/lib/avr5\libc.a(ltoa.o)
 .data          0x00800112        0x0 c:/users/buechel/appdata/local/arduino15/packages/arduino/tools/avr-gcc/7.3.0-atmel3.6.1-arduino7/bin/../lib/gcc/avr/7.3.0/../../../../avr/lib/avr5\libc.a(ltoa_ncheck.o)
 .data          0x00800112        0x0 c:/users/buechel/appdata/local/arduino15/packages/arduino/tools/avr-gcc/7.3.0-atmel3.6.1-arduino7/bin/../lib/gcc/avr/7.3.0/../../../../avr/lib/avr5\libc.a(mulsi10.o)
 .data          0x00800112        0x0 c:/users/buechel/appdata/local/arduino15/packages/arduino/tools/avr-gcc/7.3.0-atmel3.6.1-arduino7/bin/../lib/gcc/avr/7.3.0/../../../../avr/lib/avr5\libc.a(mul10.o)
 .data          0x00800112        0x0 c:/users/buechel/appdata/local/arduino15/packages/arduino/tools/avr-gcc/7.3.0-atmel3.6.1-arduino7/bin/../lib/gcc/avr/7.3.0/../../../../avr/lib/avr5\libc.a(ultoa.o)
 .data          0x00800112        0x0 c:/users/buechel/appdata/local/arduino15/packages/arduino/tools/avr-gcc/7.3.0-atmel3.6.1-arduino7/bin/../lib/gcc/avr/7.3.0/../../../../avr/lib/avr5\libc.a(ultoa_ncheck.o)
 .data          0x00800112        0x0 c:/users/buechel/appdata/local/arduino15/packages/arduino/tools/avr-gcc/7.3.0-atmel3.6.1-arduino7/bin/../lib/gcc/avr/7.3.0/../../../../avr/lib/avr5\libc.a(utoa.o)
 .data          0x00800112        0x0 c:/users/buechel/appdata/local/arduino15/packages/arduino/tools/avr-gcc/7.3.0-atmel3.6.1-arduino7/bin/../lib/gcc/avr/7.3.0/../../../../avr/lib/avr5\libc.a(utoa_ncheck.o)
 .data          0x00800112        0x0 c:/users/buechel/appdata/local/arduino15/packages/arduino/tools/avr-gcc/7.3.0-atmel3.6.1-arduino7/bin/../lib/gcc/avr/7.3.0/../../../../avr/lib/avr5\libc.a(dtoa_prf.o)
 .data          0x00800112        0x0 c:/users/buechel/appdata/local/arduino15/packages/arduino/tools/avr-gcc/7.3.0-atmel3.6.1-arduino7/bin/../lib/gcc/avr/7.3.0/../../../../avr/lib/avr5\libc.a(strtod.o)
 .data          0x00800112        0x0 c:/users/buechel/appdata/local/arduino15/packages/arduino/tools/avr-gcc/7.3.0-atmel3.6.1-arduino7/bin/../lib/gcc/avr/7.3.0/../../../../avr/lib/avr5\libc.a(ftoa_engine.o)
 .data          0x00800112        0x0 c:/users/buechel/appdata/local/arduino15/packages/arduino/tools/avr-gcc/7.3.0-atmel3.6.1-arduino7/bin/../lib/gcc/avr/7.3.0/../../../../avr/lib/avr5\libc.a(isspace.o)
 .data          0x00800112        0x0 c:/users/buechel/appdata/local/arduino15/packages/arduino/tools/avr-gcc/7.3.0-atmel3.6.1-arduino7/bin/../lib/gcc/avr/7.3.0/../../../../avr/lib/avr5\libc.a(strncasecmp_P.o)
 .data          0x00800112        0x0 c:/users/buechel/appdata/local/arduino15/packages/arduino/tools/avr-gcc/7.3.0-atmel3.6.1-arduino7/bin/../lib/gcc/avr/7.3.0/../../../../avr/lib/avr5\libc.a(strrev.o)
 .data          0x00800112        0x0 c:/users/buechel/appdata/local/arduino15/packages/arduino/tools/avr-gcc/7.3.0-atmel3.6.1-arduino7/bin/../lib/gcc/avr/7.3.0/../../../../avr/lib/avr5\libc.a(cmpsf2.o)
 .data          0x00800112        0x0 c:/users/buechel/appdata/local/arduino15/packages/arduino/tools/avr-gcc/7.3.0-atmel3.6.1-arduino7/bin/../lib/gcc/avr/7.3.0/../../../../avr/lib/avr5\libc.a(floatsisf.o)
 .data          0x00800112        0x0 c:/users/buechel/appdata/local/arduino15/packages/arduino/tools/avr-gcc/7.3.0-atmel3.6.1-arduino7/bin/../lib/gcc/avr/7.3.0/../../../../avr/lib/avr5\libc.a(fp_cmp.o)
 .data          0x00800112        0x0 c:/users/buechel/appdata/local/arduino15/packages/arduino/tools/avr-gcc/7.3.0-atmel3.6.1-arduino7/bin/../lib/gcc/avr/7.3.0/../../../../avr/lib/avr5\libc.a(mulsf3.o)
 .data          0x00800112        0x0 c:/users/buechel/appdata/local/arduino15/packages/arduino/tools/avr-gcc/7.3.0-atmel3.6.1-arduino7/bin/../lib/gcc/avr/7.3.0/../../../../avr/lib/avr5\libc.a(mulsf3x.o)
 .data          0x00800112        0x0 c:/users/buechel/appdata/local/arduino15/packages/arduino/tools/avr-gcc/7.3.0-atmel3.6.1-arduino7/bin/../lib/gcc/avr/7.3.0/../../../../avr/lib/avr5\libc.a(errno.o)
 .data          0x00800112        0x0 c:/users/buechel/appdata/local/arduino15/packages/arduino/tools/avr-gcc/7.3.0-atmel3.6.1-arduino7/bin/../lib/gcc/avr/7.3.0/../../../../avr/lib/avr5\libc.a(cty_isfalse.o)
 .data          0x00800112        0x0 c:/users/buechel/appdata/local/arduino15/packages/arduino/tools/avr-gcc/7.3.0-atmel3.6.1-arduino7/bin/../lib/gcc/avr/7.3.0/../../../../avr/lib/avr5\libc.a(fp_inf.o)
 .data          0x00800112        0x0 c:/users/buechel/appdata/local/arduino15/packages/arduino/tools/avr-gcc/7.3.0-atmel3.6.1-arduino7/bin/../lib/gcc/avr/7.3.0/../../../../avr/lib/avr5\libc.a(fp_nan.o)
 .data          0x00800112        0x0 c:/users/buechel/appdata/local/arduino15/packages/arduino/tools/avr-gcc/7.3.0-atmel3.6.1-arduino7/bin/../lib/gcc/avr/7.3.0/../../../../avr/lib/avr5\libc.a(fp_pscA.o)
 .data          0x00800112        0x0 c:/users/buechel/appdata/local/arduino15/packages/arduino/tools/avr-gcc/7.3.0-atmel3.6.1-arduino7/bin/../lib/gcc/avr/7.3.0/../../../../avr/lib/avr5\libc.a(fp_pscB.o)
 .data          0x00800112        0x0 c:/users/buechel/appdata/local/arduino15/packages/arduino/tools/avr-gcc/7.3.0-atmel3.6.1-arduino7/bin/../lib/gcc/avr/7.3.0/../../../../avr/lib/avr5\libc.a(fp_round.o)
 .data          0x00800112        0x0 c:/users/buechel/appdata/local/arduino15/packages/arduino/tools/avr-gcc/7.3.0-atmel3.6.1-arduino7/bin/../lib/gcc/avr/7.3.0/../../../../avr/lib/avr5\libc.a(fp_split3.o)
 .data          0x00800112        0x0 c:/users/buechel/appdata/local/arduino15/packages/arduino/tools/avr-gcc/7.3.0-atmel3.6.1-arduino7/bin/../lib/gcc/avr/7.3.0/../../../../avr/lib/avr5\libc.a(fp_zero.o)
 .data          0x00800112        0x0 c:/users/buechel/appdata/local/arduino15/packages/arduino/tools/avr-gcc/7.3.0-atmel3.6.1-arduino7/bin/../lib/gcc/avr/7.3.0/../../../../avr/lib/avr5\libatmega32u4.a(eerd_byte.o)
 .data          0x00800112        0x0 c:/users/buechel/appdata/local/arduino15/packages/arduino/tools/avr-gcc/7.3.0-atmel3.6.1-arduino7/bin/../lib/gcc/avr/7.3.0/../../../../avr/lib/avr5\libatmega32u4.a(eewr_byte.o)
 .data          0x00800112        0x0 c:/users/buechel/appdata/local/arduino15/packages/arduino/tools/avr-gcc/7.3.0-atmel3.6.1-arduino7/bin/../lib/gcc/avr/7.3.0/avr5\libgcc.a(_copy_data.o)
 .data          0x00800112        0x0 c:/users/buechel/appdata/local/arduino15/packages/arduino/tools/avr-gcc/7.3.0-atmel3.6.1-arduino7/bin/../lib/gcc/avr/7.3.0/avr5\libgcc.a(_clear_bss.o)
 .data          0x00800112        0x0 c:/users/buechel/appdata/local/arduino15/packages/arduino/tools/avr-gcc/7.3.0-atmel3.6.1-arduino7/bin/../lib/gcc/avr/7.3.0/avr5\libgcc.a(_muluhisi3.o)
 .data          0x00800112        0x0 c:/users/buechel/appdata/local/arduino15/packages/arduino/tools/avr-gcc/7.3.0-atmel3.6.1-arduino7/bin/../lib/gcc/avr/7.3.0/avr5\libgcc.a(_prologue.o)
 .data          0x00800112        0x0 c:/users/buechel/appdata/local/arduino15/packages/arduino/tools/avr-gcc/7.3.0-atmel3.6.1-arduino7/bin/../lib/gcc/avr/7.3.0/avr5\libgcc.a(_epilogue.o)
 .data          0x00800112        0x0 c:/users/buechel/appdata/local/arduino15/packages/arduino/tools/avr-gcc/7.3.0-atmel3.6.1-arduino7/bin/../lib/gcc/avr/7.3.0/avr5\libgcc.a(_umulhisi3.o)
 .data          0x00800112        0x0 c:/users/buechel/appdata/local/arduino15/packages/arduino/tools/avr-gcc/7.3.0-atmel3.6.1-arduino7/bin/../lib/gcc/avr/7.3.0/../../../../avr/lib/avr5\libm.a(addsf3.o)
 .data          0x00800112        0x0 c:/users/buechel/appdata/local/arduino15/packages/arduino/tools/avr-gcc/7.3.0-atmel3.6.1-arduino7/bin/../lib/gcc/avr/7.3.0/../../../../avr/lib/avr5\libm.a(addsf3x.o)
 .data          0x00800112        0x0 c:/users/buechel/appdata/local/arduino15/packages/arduino/tools/avr-gcc/7.3.0-atmel3.6.1-arduino7/bin/../lib/gcc/avr/7.3.0/../../../../avr/lib/avr5\libm.a(divsf3.o)
 .data          0x00800112        0x0 c:/users/buechel/appdata/local/arduino15/packages/arduino/tools/avr-gcc/7.3.0-atmel3.6.1-arduino7/bin/../lib/gcc/avr/7.3.0/../../../../avr/lib/avr5\libm.a(divsf3x.o)
 .data          0x00800112        0x0 c:/users/buechel/appdata/local/arduino15/packages/arduino/tools/avr-gcc/7.3.0-atmel3.6.1-arduino7/bin/../lib/gcc/avr/7.3.0/../../../../avr/lib/avr5\libm.a(fixsfsi.o)
 .data          0x00800112        0x0 c:/users/buechel/appdata/local/arduino15/packages/arduino/tools/avr-gcc/7.3.0-atmel3.6.1-arduino7/bin/../lib/gcc/avr/7.3.0/../../../../avr/lib/avr5\libm.a(fixunssfsi.o)
 .data          0x00800112        0x0 c:/users/buechel/appdata/local/arduino15/packages/arduino/tools/avr-gcc/7.3.0-atmel3.6.1-arduino7/bin/../lib/gcc/avr/7.3.0/avr5\libgcc.a(_udivmodsi4.o)
 .data          0x00800112        0x0 c:/users/buechel/appdata/local/arduino15/packages/arduino/tools/avr-gcc/7.3.0-atmel3.6.1-arduino7/bin/../lib/gcc/avr/7.3.0/avr5\libgcc.a(_divmodsi4.o)
 .data          0x00800112        0x0 c:/users/buechel/appdata/local/arduino15/packages/arduino/tools/avr-gcc/7.3.0-atmel3.6.1-arduino7/bin/../lib/gcc/avr/7.3.0/avr5\libgcc.a(_negsi2.o)
 .data          0x00800112        0x0 c:/users/buechel/appdata/local/arduino15/packages/arduino/tools/avr-gcc/7.3.0-atmel3.6.1-arduino7/bin/../lib/gcc/avr/7.3.0/avr5\libgcc.a(_ctors.o)
 .data          0x00800112        0x0 c:/users/buechel/appdata/local/arduino15/packages/arduino/tools/avr-gcc/7.3.0-atmel3.6.1-arduino7/bin/../lib/gcc/avr/7.3.0/avr5\libgcc.a(_dtors.o)
 .data          0x00800112        0x0 c:/users/buechel/appdata/local/arduino15/packages/arduino/tools/avr-gcc/7.3.0-atmel3.6.1-arduino7/bin/../lib/gcc/avr/7.3.0/avr5\libgcc.a(_mulsidi3.o)
 .data          0x00800112        0x0 c:/users/buechel/appdata/local/arduino15/packages/arduino/tools/avr-gcc/7.3.0-atmel3.6.1-arduino7/bin/../lib/gcc/avr/7.3.0/avr5\libgcc.a(_umulsidi3.o)
 .data          0x00800112        0x0 c:/users/buechel/appdata/local/arduino15/packages/arduino/tools/avr-gcc/7.3.0-atmel3.6.1-arduino7/bin/../lib/gcc/avr/7.3.0/avr5\libgcc.a(_divdi3.o)
 .data          0x00800112        0x0 c:/users/buechel/appdata/local/arduino15/packages/arduino/tools/avr-gcc/7.3.0-atmel3.6.1-arduino7/bin/../lib/gcc/avr/7.3.0/avr5\libgcc.a(_udivdi3.o)
 .data          0x00800112        0x0 c:/users/buechel/appdata/local/arduino15/packages/arduino/tools/avr-gcc/7.3.0-atmel3.6.1-arduino7/bin/../lib/gcc/avr/7.3.0/avr5\libgcc.a(_udivmod64.o)
 .data          0x00800112        0x0 c:/users/buechel/appdata/local/arduino15/packages/arduino/tools/avr-gcc/7.3.0-atmel3.6.1-arduino7/bin/../lib/gcc/avr/7.3.0/avr5\libgcc.a(_negdi2.o)
 .data          0x00800112        0x0 c:/users/buechel/appdata/local/arduino15/packages/arduino/tools/avr-gcc/7.3.0-atmel3.6.1-arduino7/bin/../lib/gcc/avr/7.3.0/avr5\libgcc.a(_tablejump2.o)
 .data          0x00800112        0x0 c:/users/buechel/appdata/local/arduino15/packages/arduino/tools/avr-gcc/7.3.0-atmel3.6.1-arduino7/bin/../lib/gcc/avr/7.3.0/avr5\libgcc.a(_muldi3_6.o)
 .data          0x00800112        0x0 c:/users/buechel/appdata/local/arduino15/packages/arduino/tools/avr-gcc/7.3.0-atmel3.6.1-arduino7/bin/../lib/gcc/avr/7.3.0/../../../../avr/lib/avr5\libc.a(realloc.o)
 .data          0x00800112        0x0 c:/users/buechel/appdata/local/arduino15/packages/arduino/tools/avr-gcc/7.3.0-atmel3.6.1-arduino7/bin/../lib/gcc/avr/7.3.0/../../../../avr/lib/avr5\libc.a(isprint.o)
 .data          0x00800112        0x0 c:/users/buechel/appdata/local/arduino15/packages/arduino/tools/avr-gcc/7.3.0-atmel3.6.1-arduino7/bin/../lib/gcc/avr/7.3.0/../../../../avr/lib/avr5\libc.a(toupper.o)
 .data          0x00800112        0x0 c:/users/buechel/appdata/local/arduino15/packages/arduino/tools/avr-gcc/7.3.0-atmel3.6.1-arduino7/bin/../lib/gcc/avr/7.3.0/../../../../avr/lib/avr5\libc.a(memcpy.o)
 .data          0x00800112        0x0 c:/users/buechel/appdata/local/arduino15/packages/arduino/tools/avr-gcc/7.3.0-atmel3.6.1-arduino7/bin/../lib/gcc/avr/7.3.0/../../../../avr/lib/avr5\libc.a(strcpy.o)
 .data          0x00800112        0x0 c:/users/buechel/appdata/local/arduino15/packages/arduino/tools/avr-gcc/7.3.0-atmel3.6.1-arduino7/bin/../lib/gcc/avr/7.3.0/../../../../avr/lib/avr5\libc.a(strncmp.o)
 .data          0x00800112        0x0 c:/users/buechel/appdata/local/arduino15/packages/arduino/tools/avr-gcc/7.3.0-atmel3.6.1-arduino7/bin/../lib/gcc/avr/7.3.0/../../../../avr/lib/avr5\libc.a(strncpy.o)
 .data          0x00800112        0x0 c:/users/buechel/appdata/local/arduino15/packages/arduino/tools/avr-gcc/7.3.0-atmel3.6.1-arduino7/bin/../lib/gcc/avr/7.3.0/../../../../avr/lib/avr5\libc.a(sprintf.o)
 .data          0x00800112        0x0 c:/users/buechel/appdata/local/arduino15/packages/arduino/tools/avr-gcc/7.3.0-atmel3.6.1-arduino7/bin/../lib/gcc/avr/7.3.0/../../../../avr/lib/avr5\libc.a(vfprintf_std.o)
 .data          0x00800112        0x0 c:/users/buechel/appdata/local/arduino15/packages/arduino/tools/avr-gcc/7.3.0-atmel3.6.1-arduino7/bin/../lib/gcc/avr/7.3.0/../../../../avr/lib/avr5\libc.a(strnlen_P.o)
 .data          0x00800112        0x0 c:/users/buechel/appdata/local/arduino15/packages/arduino/tools/avr-gcc/7.3.0-atmel3.6.1-arduino7/bin/../lib/gcc/avr/7.3.0/../../../../avr/lib/avr5\libc.a(strnlen.o)
 .data          0x00800112        0x0 c:/users/buechel/appdata/local/arduino15/packages/arduino/tools/avr-gcc/7.3.0-atmel3.6.1-arduino7/bin/../lib/gcc/avr/7.3.0/../../../../avr/lib/avr5\libc.a(fputc.o)
 .data          0x00800112        0x0 c:/users/buechel/appdata/local/arduino15/packages/arduino/tools/avr-gcc/7.3.0-atmel3.6.1-arduino7/bin/../lib/gcc/avr/7.3.0/../../../../avr/lib/avr5\libc.a(ultoa_invert.o)
 *(.data*)
 *(.gnu.linkonce.d*)
 *(.rodata)
 .rodata        0x00800112       0x3d C:\Users\buechel\AppData\Local\Temp\cc7ZBATz.ltrans0.ltrans.o
 *(.rodata*)
 .rodata.str1.1
                0x0080014f      0x243 C:\Users\buechel\AppData\Local\Temp\cc7ZBATz.ltrans0.ltrans.o
                                0x246 (size before relaxing)
 *(.gnu.linkonce.r*)
                0x00800392                . = ALIGN (0x2)
                0x00800392                _edata = .
                0x00800392                PROVIDE (__data_end, .)

.bss            0x00800392      0x4b0
                0x00800392                PROVIDE (__bss_start, .)
 *(.bss)
 .bss           0x00800392        0x0 c:/users/buechel/appdata/local/arduino15/packages/arduino/tools/avr-gcc/7.3.0-atmel3.6.1-arduino7/bin/../lib/gcc/avr/7.3.0/../../../../avr/lib/avr5/crtatmega32u4.o
 .bss           0x00800392      0x4aa C:\Users\buechel\AppData\Local\Temp\cc7ZBATz.ltrans0.ltrans.o
 .bss           0x0080083c        0x0 c:/users/buechel/appdata/local/arduino15/packages/arduino/tools/avr-gcc/7.3.0-atmel3.6.1-arduino7/bin/../lib/gcc/avr/7.3.0/avr5\libgcc.a(_exit.o)
 .bss           0x0080083c        0x0 c:/users/buechel/appdata/local/arduino15/packages/arduino/tools/avr-gcc/7.3.0-atmel3.6.1-arduino7/bin/../lib/gcc/avr/7.3.0/../../../../avr/lib/avr5\libc.a(dtostrf.o)
 .bss           0x0080083c        0x0 c:/users/buechel/appdata/local/arduino15/packages/arduino/tools/avr-gcc/7.3.0-atmel3.6.1-arduino7/bin/../lib/gcc/avr/7.3.0/../../../../avr/lib/avr5\libc.a(malloc.o)
 .bss           0x0080083c        0x0 c:/users/buechel/appdata/local/arduino15/packages/arduino/tools/avr-gcc/7.3.0-atmel3.6.1-arduino7/bin/../lib/gcc/avr/7.3.0/../../../../avr/lib/avr5\libc.a(atof.o)
 .bss           0x0080083c        0x0 c:/users/buechel/appdata/local/arduino15/packages/arduino/tools/avr-gcc/7.3.0-atmel3.6.1-arduino7/bin/../lib/gcc/avr/7.3.0/../../../../avr/lib/avr5\libc.a(atoi.o)
 .bss           0x0080083c        0x0 c:/users/buechel/appdata/local/arduino15/packages/arduino/tools/avr-gcc/7.3.0-atmel3.6.1-arduino7/bin/../lib/gcc/avr/7.3.0/../../../../avr/lib/avr5\libc.a(atol.o)
 .bss           0x0080083c        0x0 c:/users/buechel/appdata/local/arduino15/packages/arduino/tools/avr-gcc/7.3.0-atmel3.6.1-arduino7/bin/../lib/gcc/avr/7.3.0/../../../../avr/lib/avr5\libc.a(strcpy_P.o)
 .bss           0x0080083c        0x0 c:/users/buechel/appdata/local/arduino15/packages/arduino/tools/avr-gcc/7.3.0-atmel3.6.1-arduino7/bin/../lib/gcc/avr/7.3.0/../../../../avr/lib/avr5\libc.a(strlen_P.o)
 .bss           0x0080083c        0x0 c:/users/buechel/appdata/local/arduino15/packages/arduino/tools/avr-gcc/7.3.0-atmel3.6.1-arduino7/bin/../lib/gcc/avr/7.3.0/../../../../avr/lib/avr5\libc.a(strtok_r.o)
 .bss           0x0080083c        0x0 c:/users/buechel/appdata/local/arduino15/packages/arduino/tools/avr-gcc/7.3.0-atmel3.6.1-arduino7/bin/../lib/gcc/avr/7.3.0/../../../../avr/lib/avr5\libc.a(itoa.o)
 .bss           0x0080083c        0x0 c:/users/buechel/appdata/local/arduino15/packages/arduino/tools/avr-gcc/7.3.0-atmel3.6.1-arduino7/bin/../lib/gcc/avr/7.3.0/../../../../avr/lib/avr5\libc.a(itoa_ncheck.o)
 .bss           0x0080083c        0x0 c:/users/buechel/appdata/local/arduino15/packages/arduino/tools/avr-gcc/7.3.0-atmel3.6.1-arduino7/bin/../lib/gcc/avr/7.3.0/../../../../avr/lib/avr5\libc.a(ltoa.o)
 .bss           0x0080083c        0x0 c:/users/buechel/appdata/local/arduino15/packages/arduino/tools/avr-gcc/7.3.0-atmel3.6.1-arduino7/bin/../lib/gcc/avr/7.3.0/../../../../avr/lib/avr5\libc.a(ltoa_ncheck.o)
 .bss           0x0080083c        0x0 c:/users/buechel/appdata/local/arduino15/packages/arduino/tools/avr-gcc/7.3.0-atmel3.6.1-arduino7/bin/../lib/gcc/avr/7.3.0/../../../../avr/lib/avr5\libc.a(mulsi10.o)
 .bss           0x0080083c        0x0 c:/users/buechel/appdata/local/arduino15/packages/arduino/tools/avr-gcc/7.3.0-atmel3.6.1-arduino7/bin/../lib/gcc/avr/7.3.0/../../../../avr/lib/avr5\libc.a(mul10.o)
 .bss           0x0080083c        0x0 c:/users/buechel/appdata/local/arduino15/packages/arduino/tools/avr-gcc/7.3.0-atmel3.6.1-arduino7/bin/../lib/gcc/avr/7.3.0/../../../../avr/lib/avr5\libc.a(ultoa.o)
 .bss           0x0080083c        0x0 c:/users/buechel/appdata/local/arduino15/packages/arduino/tools/avr-gcc/7.3.0-atmel3.6.1-arduino7/bin/../lib/gcc/avr/7.3.0/../../../../avr/lib/avr5\libc.a(ultoa_ncheck.o)